08:37:42 **** Incremental Build of configuration Debug for project pulsar_csac_test ****
make -j3 all 
Building file: ../source/main.c
Invoking: Cross ARM C Compiler
Building file: ../board/pin_mux.c
arm-none-eabi-gcc -mcpu=cortex-m4 -mthumb -mfloat-abi=hard -mfpu=fpv4-sp-d16 -O0 -fmessage-length=0 -fsigned-char -ffunction-sections -fdata-sections -Wall  -g3 -D"CPU_MK22FN512VDC12" -I../CMSIS -I../board -I../drivers -I../freertos/Source/include -I../freertos/Source/portable/GCC/ARM_CM4F -I../source -I../startup -I../utilities -std=gnu99 -MMD -MP -MF"source/main.d" -MT"source/main.o" -c -o "source/main.o" "../source/main.c"
Invoking: Cross ARM C Compiler
arm-none-eabi-gcc -mcpu=cortex-m4 -mthumb -mfloat-abi=hard -mfpu=fpv4-sp-d16 -O0 -fmessage-length=0 -fsigned-char -ffunction-sections -fdata-sections -Wall  -g3 -D"CPU_MK22FN512VDC12" -I../CMSIS -I../board -I../drivers -I../freertos/Source/include -I../freertos/Source/portable/GCC/ARM_CM4F -I../source -I../startup -I../utilities -std=gnu99 -MMD -MP -MF"board/pin_mux.d" -MT"board/pin_mux.o" -c -o "board/pin_mux.o" "../board/pin_mux.c"
Finished building: ../board/pin_mux.c
 
Finished building: ../source/main.c
 
Building target: pulsar_csac_test.elf
Invoking: Cross ARM C++ Linker
arm-none-eabi-g++ -mcpu=cortex-m4 -mthumb -mfloat-abi=hard -mfpu=fpv4-sp-d16 -O0 -fmessage-length=0 -fsigned-char -ffunction-sections -fdata-sections -Wall  -g3 -T "../MK22FN512xxx12_flash.ld" -Xlinker --gc-sections -Wl,-Map,"pulsar_csac_test.map" --specs=nano.specs -specs=nosys.specs -Xlinker -z -Xlinker muldefs -o "pulsar_csac_test.elf"  ./utilities/fsl_debug_console.o ./utilities/fsl_notifier.o ./utilities/fsl_sbrk.o  ./startup/startup_MK22F51212.o ./startup/system_MK22F51212.o  ./source/main.o  ./freertos/Source/portable/MemMang/heap_4.o  ./freertos/Source/portable/GCC/ARM_CM4F/port.o  ./freertos/Source/croutine.o ./freertos/Source/event_groups.o ./freertos/Source/list.o ./freertos/Source/queue.o ./freertos/Source/tasks.o ./freertos/Source/timers.o  ./drivers/fsl_adc16.o ./drivers/fsl_clock.o ./drivers/fsl_cmp.o ./drivers/fsl_common.o ./drivers/fsl_crc.o ./drivers/fsl_dac.o ./drivers/fsl_dmamux.o ./drivers/fsl_dspi.o ./drivers/fsl_dspi_edma.o ./drivers/fsl_dspi_freertos.o ./drivers/fsl_edma.o ./drivers/fsl_ewm.o ./drivers/fsl_flash.o ./drivers/fsl_flexbus.o ./drivers/fsl_ftm.o ./drivers/fsl_gpio.o ./drivers/fsl_i2c.o ./drivers/fsl_i2c_edma.o ./drivers/fsl_i2c_freertos.o ./drivers/fsl_llwu.o ./drivers/fsl_lptmr.o ./drivers/fsl_lpuart.o ./drivers/fsl_lpuart_edma.o ./drivers/fsl_lpuart_freertos.o ./drivers/fsl_pdb.o ./drivers/fsl_pit.o ./drivers/fsl_pmc.o ./drivers/fsl_rcm.o ./drivers/fsl_rnga.o ./drivers/fsl_rtc.o ./drivers/fsl_sai.o ./drivers/fsl_sai_edma.o ./drivers/fsl_sim.o ./drivers/fsl_smc.o ./drivers/fsl_uart.o ./drivers/fsl_uart_edma.o ./drivers/fsl_uart_freertos.o ./drivers/fsl_vref.o ./drivers/fsl_wdog.o  ./board/clock_config.o ./board/pin_mux.o ./board/pulsar_board.o   
Finished building target: pulsar_csac_test.elf
 
Invoking: Cross ARM GNU Print Size
Invoking: Cross ARM GNU Create Flash Image
arm-none-eabi-size --format=berkeley "pulsar_csac_test.elf"
arm-none-eabi-objcopy -O ihex "pulsar_csac_test.elf"  "pulsar_csac_test.hex"
   text	   data	    bss	    dec	    hex	filename
  36460	    136	  15316	  51912	   cac8	pulsar_csac_test.elf
Finished building: pulsar_csac_test.siz
 
Finished building: pulsar_csac_test.hex
 

08:37:42 Build Finished (took 324ms)

