Archive member included because of file (symbol)

/Applications/KDS_v3.app/Contents/toolchain/bin/../lib/gcc/arm-none-eabi/4.8.4/../../../../arm-none-eabi/lib/armv7e-m/fpu/libm.a(lib_a-s_modf.o)
                              ./utilities/fsl_debug_console.o (modf)
/Applications/KDS_v3.app/Contents/toolchain/bin/../lib/gcc/arm-none-eabi/4.8.4/../../../../arm-none-eabi/lib/armv7e-m/fpu/libm.a(lib_a-w_pow.o)
                              ./utilities/fsl_debug_console.o (pow)
/Applications/KDS_v3.app/Contents/toolchain/bin/../lib/gcc/arm-none-eabi/4.8.4/../../../../arm-none-eabi/lib/armv7e-m/fpu/libm.a(lib_a-e_pow.o)
                              /Applications/KDS_v3.app/Contents/toolchain/bin/../lib/gcc/arm-none-eabi/4.8.4/../../../../arm-none-eabi/lib/armv7e-m/fpu/libm.a(lib_a-w_pow.o) (__ieee754_pow)
/Applications/KDS_v3.app/Contents/toolchain/bin/../lib/gcc/arm-none-eabi/4.8.4/../../../../arm-none-eabi/lib/armv7e-m/fpu/libm.a(lib_a-e_sqrt.o)
                              /Applications/KDS_v3.app/Contents/toolchain/bin/../lib/gcc/arm-none-eabi/4.8.4/../../../../arm-none-eabi/lib/armv7e-m/fpu/libm.a(lib_a-e_pow.o) (__ieee754_sqrt)
/Applications/KDS_v3.app/Contents/toolchain/bin/../lib/gcc/arm-none-eabi/4.8.4/../../../../arm-none-eabi/lib/armv7e-m/fpu/libm.a(lib_a-s_fabs.o)
                              /Applications/KDS_v3.app/Contents/toolchain/bin/../lib/gcc/arm-none-eabi/4.8.4/../../../../arm-none-eabi/lib/armv7e-m/fpu/libm.a(lib_a-e_pow.o) (fabs)
/Applications/KDS_v3.app/Contents/toolchain/bin/../lib/gcc/arm-none-eabi/4.8.4/../../../../arm-none-eabi/lib/armv7e-m/fpu/libm.a(lib_a-s_finite.o)
                              /Applications/KDS_v3.app/Contents/toolchain/bin/../lib/gcc/arm-none-eabi/4.8.4/../../../../arm-none-eabi/lib/armv7e-m/fpu/libm.a(lib_a-w_pow.o) (finite)
/Applications/KDS_v3.app/Contents/toolchain/bin/../lib/gcc/arm-none-eabi/4.8.4/../../../../arm-none-eabi/lib/armv7e-m/fpu/libm.a(lib_a-s_fpclassify.o)
                              /Applications/KDS_v3.app/Contents/toolchain/bin/../lib/gcc/arm-none-eabi/4.8.4/../../../../arm-none-eabi/lib/armv7e-m/fpu/libm.a(lib_a-w_pow.o) (__fpclassifyd)
/Applications/KDS_v3.app/Contents/toolchain/bin/../lib/gcc/arm-none-eabi/4.8.4/../../../../arm-none-eabi/lib/armv7e-m/fpu/libm.a(lib_a-s_lib_ver.o)
                              /Applications/KDS_v3.app/Contents/toolchain/bin/../lib/gcc/arm-none-eabi/4.8.4/../../../../arm-none-eabi/lib/armv7e-m/fpu/libm.a(lib_a-w_pow.o) (__fdlib_version)
/Applications/KDS_v3.app/Contents/toolchain/bin/../lib/gcc/arm-none-eabi/4.8.4/../../../../arm-none-eabi/lib/armv7e-m/fpu/libm.a(lib_a-s_matherr.o)
                              /Applications/KDS_v3.app/Contents/toolchain/bin/../lib/gcc/arm-none-eabi/4.8.4/../../../../arm-none-eabi/lib/armv7e-m/fpu/libm.a(lib_a-w_pow.o) (matherr)
/Applications/KDS_v3.app/Contents/toolchain/bin/../lib/gcc/arm-none-eabi/4.8.4/../../../../arm-none-eabi/lib/armv7e-m/fpu/libm.a(lib_a-s_nan.o)
                              /Applications/KDS_v3.app/Contents/toolchain/bin/../lib/gcc/arm-none-eabi/4.8.4/../../../../arm-none-eabi/lib/armv7e-m/fpu/libm.a(lib_a-e_pow.o) (nan)
/Applications/KDS_v3.app/Contents/toolchain/bin/../lib/gcc/arm-none-eabi/4.8.4/../../../../arm-none-eabi/lib/armv7e-m/fpu/libm.a(lib_a-s_rint.o)
                              /Applications/KDS_v3.app/Contents/toolchain/bin/../lib/gcc/arm-none-eabi/4.8.4/../../../../arm-none-eabi/lib/armv7e-m/fpu/libm.a(lib_a-w_pow.o) (rint)
/Applications/KDS_v3.app/Contents/toolchain/bin/../lib/gcc/arm-none-eabi/4.8.4/../../../../arm-none-eabi/lib/armv7e-m/fpu/libm.a(lib_a-s_scalbn.o)
                              /Applications/KDS_v3.app/Contents/toolchain/bin/../lib/gcc/arm-none-eabi/4.8.4/../../../../arm-none-eabi/lib/armv7e-m/fpu/libm.a(lib_a-e_pow.o) (scalbn)
/Applications/KDS_v3.app/Contents/toolchain/bin/../lib/gcc/arm-none-eabi/4.8.4/../../../../arm-none-eabi/lib/armv7e-m/fpu/libm.a(lib_a-s_copysign.o)
                              /Applications/KDS_v3.app/Contents/toolchain/bin/../lib/gcc/arm-none-eabi/4.8.4/../../../../arm-none-eabi/lib/armv7e-m/fpu/libm.a(lib_a-s_scalbn.o) (copysign)
/Applications/KDS_v3.app/Contents/toolchain/bin/../lib/gcc/arm-none-eabi/4.8.4/armv7e-m/fpu/libgcc.a(_arm_addsubdf3.o)
                              ./utilities/fsl_debug_console.o (__aeabi_dsub)
/Applications/KDS_v3.app/Contents/toolchain/bin/../lib/gcc/arm-none-eabi/4.8.4/armv7e-m/fpu/libgcc.a(_arm_muldivdf3.o)
                              ./utilities/fsl_debug_console.o (__aeabi_dmul)
/Applications/KDS_v3.app/Contents/toolchain/bin/../lib/gcc/arm-none-eabi/4.8.4/armv7e-m/fpu/libgcc.a(_arm_cmpdf2.o)
                              ./utilities/fsl_debug_console.o (__aeabi_dcmpeq)
/Applications/KDS_v3.app/Contents/toolchain/bin/../lib/gcc/arm-none-eabi/4.8.4/armv7e-m/fpu/libgcc.a(_arm_fixdfsi.o)
                              ./utilities/fsl_debug_console.o (__aeabi_d2iz)
[...]
Memory Configuration

Name             Origin             Length             Attributes
m_interrupts     0x0000000000000000 0x0000000000000400 xr
m_flash_config   0x0000000000000400 0x0000000000000010 xr
m_text           0x0000000000000410 0x000000000007fbf0 xr
m_data           0x000000001fff0000 0x0000000000010000 rw
m_data_2         0x0000000020000000 0x0000000000010000 rw
*default*        0x0000000000000000 0xffffffffffffffff

Linker script and memory map

LOAD /Applications/KDS_v3.app/Contents/toolchain/bin/../lib/gcc/arm-none-eabi/4.8.4/armv7e-m/fpu/crti.o
LOAD /Applications/KDS_v3.app/Contents/toolchain/bin/../lib/gcc/arm-none-eabi/4.8.4/armv7e-m/fpu/crtbegin.o
LOAD /Applications/KDS_v3.app/Contents/toolchain/bin/../lib/gcc/arm-none-eabi/4.8.4/../../../../arm-none-eabi/lib/armv7e-m/fpu/crt0.o
LOAD ./utilities/fsl_debug_console.o
LOAD ./utilities/fsl_notifier.o
LOAD ./utilities/fsl_sbrk.o
LOAD ./startup/startup_MK22F51212.o
LOAD ./startup/system_MK22F51212.o
LOAD ./source/main.o
LOAD ./freertos/Source/portable/MemMang/heap_4.o
LOAD ./freertos/Source/portable/GCC/ARM_CM4F/port.o
LOAD ./freertos/Source/croutine.o
LOAD ./freertos/Source/event_groups.o
LOAD ./freertos/Source/list.o
LOAD ./freertos/Source/queue.o
LOAD ./freertos/Source/tasks.o
LOAD ./freertos/Source/timers.o
LOAD ./drivers/fsl_adc16.o
LOAD ./drivers/fsl_clock.o
LOAD ./drivers/fsl_cmp.o
LOAD ./drivers/fsl_common.o
LOAD ./drivers/fsl_crc.o
LOAD ./drivers/fsl_dac.o
LOAD ./drivers/fsl_dmamux.o
LOAD ./drivers/fsl_dspi.o
LOAD ./drivers/fsl_dspi_edma.o
LOAD ./drivers/fsl_dspi_freertos.o
LOAD ./drivers/fsl_edma.o
LOAD ./drivers/fsl_ewm.o
LOAD ./drivers/fsl_flash.o
LOAD ./drivers/fsl_flexbus.o
LOAD ./drivers/fsl_ftm.o
LOAD ./drivers/fsl_gpio.o
LOAD ./drivers/fsl_i2c.o
LOAD ./drivers/fsl_i2c_edma.o
LOAD ./drivers/fsl_i2c_freertos.o
LOAD ./drivers/fsl_llwu.o
LOAD ./drivers/fsl_lptmr.o
LOAD ./drivers/fsl_lpuart.o
LOAD ./drivers/fsl_lpuart_edma.o
LOAD ./drivers/fsl_lpuart_freertos.o
LOAD ./drivers/fsl_pdb.o
LOAD ./drivers/fsl_pit.o
LOAD ./drivers/fsl_pmc.o
LOAD ./drivers/fsl_rcm.o
LOAD ./drivers/fsl_rnga.o
LOAD ./drivers/fsl_rtc.o
LOAD ./drivers/fsl_sai.o
LOAD ./drivers/fsl_sai_edma.o
LOAD ./drivers/fsl_sim.o
LOAD ./drivers/fsl_smc.o
LOAD ./drivers/fsl_uart.o
LOAD ./drivers/fsl_uart_edma.o
LOAD ./drivers/fsl_uart_freertos.o
LOAD ./drivers/fsl_vref.o
LOAD ./drivers/fsl_wdog.o
LOAD ./board/clock_config.o
LOAD ./board/pin_mux.o
LOAD ./board/pulsar_board.o
LOAD /Applications/KDS_v3.app/Contents/toolchain/bin/../lib/gcc/arm-none-eabi/4.8.4/../../../../arm-none-eabi/lib/armv7e-m/fpu/libstdc++_s.a
LOAD /Applications/KDS_v3.app/Contents/toolchain/bin/../lib/gcc/arm-none-eabi/4.8.4/../../../../arm-none-eabi/lib/armv7e-m/fpu/libm.a
START GROUP
LOAD /Applications/KDS_v3.app/Contents/toolchain/bin/../lib/gcc/arm-none-eabi/4.8.4/armv7e-m/fpu/libgcc.a
LOAD /Applications/KDS_v3.app/Contents/toolchain/bin/../lib/gcc/arm-none-eabi/4.8.4/../../../../arm-none-eabi/lib/armv7e-m/fpu/libg_s.a
LOAD /Applications/KDS_v3.app/Contents/toolchain/bin/../lib/gcc/arm-none-eabi/4.8.4/../../../../arm-none-eabi/lib/armv7e-m/fpu/libc_s.a
END GROUP
START GROUP
LOAD /Applications/KDS_v3.app/Contents/toolchain/bin/../lib/gcc/arm-none-eabi/4.8.4/armv7e-m/fpu/libgcc.a
LOAD /Applications/KDS_v3.app/Contents/toolchain/bin/../lib/gcc/arm-none-eabi/4.8.4/../../../../arm-none-eabi/lib/armv7e-m/fpu/libc_s.a
LOAD /Applications/KDS_v3.app/Contents/toolchain/bin/../lib/gcc/arm-none-eabi/4.8.4/../../../../arm-none-eabi/lib/armv7e-m/fpu/libnosys.a
END GROUP
START GROUP
LOAD /Applications/KDS_v3.app/Contents/toolchain/bin/../lib/gcc/arm-none-eabi/4.8.4/armv7e-m/fpu/libgcc.a
LOAD /Applications/KDS_v3.app/Contents/toolchain/bin/../lib/gcc/arm-none-eabi/4.8.4/../../../../arm-none-eabi/lib/armv7e-m/fpu/libc_s.a
LOAD /Applications/KDS_v3.app/Contents/toolchain/bin/../lib/gcc/arm-none-eabi/4.8.4/../../../../arm-none-eabi/lib/armv7e-m/fpu/libnosys.a
END GROUP
LOAD /Applications/KDS_v3.app/Contents/toolchain/bin/../lib/gcc/arm-none-eabi/4.8.4/armv7e-m/fpu/crtend.o
LOAD /Applications/KDS_v3.app/Contents/toolchain/bin/../lib/gcc/arm-none-eabi/4.8.4/armv7e-m/fpu/crtn.o
                0x0000000000000400                HEAP_SIZE = DEFINED (__heap_size__)?__heap_size__:0x400
                0x0000000000000400                STACK_SIZE = DEFINED (__stack_size__)?__stack_size__:0x400
                0x0000000000000000                M_VECTOR_RAM_SIZE = DEFINED (__ram_vector_table__)?0x400:0x0

.interrupts     0x0000000000000000      0x400
                0x0000000000000000                __VECTOR_TABLE = .
                0x0000000000000000                . = ALIGN (0x4)
 *(.isr_vector)
 .isr_vector    0x0000000000000000      0x400 ./startup/startup_MK22F51212.o
                0x0000000000000000                __isr_vector
                0x0000000000000400                . = ALIGN (0x4)

.flash_config   0x0000000000000400       0x10
                0x0000000000000400                . = ALIGN (0x4)
 *(.FlashConfig)
 .FlashConfig   0x0000000000000400       0x10 ./startup/startup_MK22F51212.o
                0x0000000000000410                . = ALIGN (0x4)

.text           0x0000000000000410     0x8a54
                0x0000000000000410                . = ALIGN (0x4)
 *(.text)
 .text          0x0000000000000410       0x54 /Applications/KDS_v3.app/Contents/toolchain/bin/../lib/gcc/arm-none-eabi/4.8.4/armv7e-m/fpu/crtbegin.o
 .text          0x0000000000000464       0x74 /Applications/KDS_v3.app/Contents/toolchain/bin/../lib/gcc/arm-none-eabi/4.8.4/../../../../arm-none-eabi/lib/armv7e-m/fpu/crt0.o
                0x0000000000000464                _mainCRTStartup
                0x0000000000000464                _start
 .text          0x00000000000004d8      0x160 ./startup/startup_MK22F51212.o
                0x00000000000004d8                Reset_Handler
                0x000000000000051c                Reserved54_IRQHandler
                0x000000000000051c                DebugMon_Handler
                0x000000000000051c                Reserved96_IRQHandler
                0x000000000000051c                Reserved86_IRQHandler
                0x000000000000051c                Reserved85_IRQHandler
                0x000000000000051c                DMA_Error_DriverIRQHandler
                0x000000000000051c                DAC0_IRQHandler
                0x000000000000051c                PIT1_IRQHandler
                0x000000000000051c                Reserved94_IRQHandler
                0x000000000000051c                Reserved81_IRQHandler
                0x000000000000051c                FTF_IRQHandler
                0x000000000000051c                PORTC_IRQHandler
                0x000000000000051c                CMP0_IRQHandler
                0x000000000000051c                Reserved99_IRQHandler
                0x000000000000051c                PIT0_IRQHandler
                0x000000000000051c                LLWU_IRQHandler
                0x000000000000051c                Reserved84_IRQHandler
                0x000000000000051c                Reserved92_IRQHandler
                0x000000000000051c                Reserved93_IRQHandler
                0x000000000000051c                SWI_IRQHandler
                0x000000000000051c                ADC0_IRQHandler
                0x000000000000051c                UsageFault_Handler
                0x000000000000051c                UART1_ERR_DriverIRQHandler
                0x000000000000051c                BusFault_Handler
                0x000000000000051c                DefaultISR
                0x000000000000051c                LPTMR0_IRQHandler
                0x000000000000051c                FTM2_IRQHandler
                0x000000000000051c                Reserved82_IRQHandler
                0x000000000000051c                CMP1_IRQHandler
                0x000000000000051c                Reserved71_IRQHandler
                0x000000000000051c                PORTD_IRQHandler
                0x000000000000051c                PORTB_IRQHandler
                0x000000000000051c                UART2_ERR_DriverIRQHandler
                0x000000000000051c                Reserved70_IRQHandler
                0x000000000000051c                ADC1_IRQHandler
                0x000000000000051c                PIT2_IRQHandler
                0x000000000000051c                PORTE_IRQHandler
                0x000000000000051c                Reserved53_IRQHandler
                0x000000000000051c                FTM3_IRQHandler
                0x000000000000051c                RTC_IRQHandler
                0x000000000000051c                PDB0_IRQHandler
                0x000000000000051c                FTM1_IRQHandler
                0x000000000000051c                Reserved61_IRQHandler
                0x000000000000051c                Reserved95_IRQHandler
                0x000000000000051c                PIT3_IRQHandler
                0x000000000000051c                RTC_Seconds_IRQHandler
                0x000000000000051c                MCG_IRQHandler
                0x000000000000051c                UART0_ERR_DriverIRQHandler
                0x000000000000051c                MCM_IRQHandler
                0x000000000000051c                DAC1_IRQHandler
                0x000000000000051c                Read_Collision_IRQHandler
                0x000000000000051c                Reserved98_IRQHandler
                0x000000000000051c                PORTA_IRQHandler
                0x000000000000051c                Reserved101_IRQHandler
                0x000000000000051c                USB0_IRQHandler
                0x000000000000051c                WDOG_EWM_IRQHandler
                0x000000000000051c                MemManage_Handler
                0x000000000000051c                Reserved90_IRQHandler
                0x000000000000051c                Reserved83_IRQHandler
                0x000000000000051c                FTM0_IRQHandler
                0x000000000000051c                LVD_LVW_IRQHandler
                0x000000000000051c                Reserved100_IRQHandler
                0x000000000000051c                RNG_IRQHandler
                0x000000000000051c                Reserved97_IRQHandler
                0x000000000000051c                Reserved91_IRQHandler
                0x0000000000000520                NMI_Handler
                0x0000000000000524                HardFault_Handler
                0x0000000000000534                DMA0_IRQHandler
                0x0000000000000538                DMA1_IRQHandler
                0x000000000000053c                DMA2_IRQHandler
                0x0000000000000540                DMA3_IRQHandler
                0x0000000000000544                DMA4_IRQHandler
                0x0000000000000548                DMA5_IRQHandler
                0x000000000000054c                DMA6_IRQHandler
                0x0000000000000550                DMA7_IRQHandler
                0x0000000000000554                DMA8_IRQHandler
                0x0000000000000558                DMA9_IRQHandler
                0x000000000000055c                DMA10_IRQHandler
                0x0000000000000560                DMA11_IRQHandler
                0x0000000000000564                DMA12_IRQHandler
                0x0000000000000568                DMA13_IRQHandler
                0x000000000000056c                DMA14_IRQHandler
                0x0000000000000570                DMA15_IRQHandler
                0x0000000000000574                DMA_Error_IRQHandler
                0x0000000000000578                I2C0_IRQHandler
                0x000000000000057c                I2C1_IRQHandler
                0x0000000000000580                SPI0_IRQHandler
                0x0000000000000584                SPI1_IRQHandler
                0x0000000000000588                I2S0_Tx_IRQHandler
                0x000000000000058c                I2S0_Rx_IRQHandler
                0x0000000000000590                LPUART0_IRQHandler
                0x0000000000000594                UART0_RX_TX_IRQHandler
                0x0000000000000598                UART0_ERR_IRQHandler
                0x000000000000059c                UART1_RX_TX_IRQHandler
                0x00000000000005a0                UART1_ERR_IRQHandler
                0x00000000000005a4                UART2_RX_TX_IRQHandler
                0x00000000000005a8                UART2_ERR_IRQHandler
 .text          0x0000000000000638      0x370 /Applications/KDS_v3.app/Contents/toolchain/bin/../lib/gcc/arm-none-eabi/4.8.4/armv7e-m/fpu/libgcc.a(_arm_addsubdf3.o)
                0x0000000000000638                __aeabi_drsub
                0x0000000000000640                __subdf3
                0x0000000000000640                __aeabi_dsub
                0x0000000000000644                __aeabi_dadd
                0x0000000000000644                __adddf3
                0x00000000000008bc                __aeabi_ui2d
                0x00000000000008bc                __floatunsidf
                0x00000000000008dc                __floatsidf
                0x00000000000008dc                __aeabi_i2d
                0x0000000000000900                __extendsfdf2
                0x0000000000000900                __aeabi_f2d
                0x000000000000093c                __aeabi_ul2d
                0x000000000000093c                __floatundidf
                0x000000000000094c                __aeabi_l2d
                0x000000000000094c                __floatdidf
 .text          0x00000000000009a8      0x424 /Applications/KDS_v3.app/Contents/toolchain/bin/../lib/gcc/arm-none-eabi/4.8.4/armv7e-m/fpu/libgcc.a(_arm_muldivdf3.o)
                0x00000000000009a8                __aeabi_dmul
                0x00000000000009a8                __muldf3
                0x0000000000000bfc                __aeabi_ddiv
                0x0000000000000bfc                __divdf3
 .text          0x0000000000000dcc      0x110 /Applications/KDS_v3.app/Contents/toolchain/bin/../lib/gcc/arm-none-eabi/4.8.4/armv7e-m/fpu/libgcc.a(_arm_cmpdf2.o)
                0x0000000000000dcc                __gtdf2
                0x0000000000000dcc                __gedf2
                0x0000000000000dd4                __ltdf2
                0x0000000000000dd4                __ledf2
                0x0000000000000ddc                __eqdf2
                0x0000000000000ddc                __nedf2
                0x0000000000000ddc                __cmpdf2
                0x0000000000000e58                __aeabi_cdrcmple
                0x0000000000000e68                __aeabi_cdcmple
                0x0000000000000e68                __aeabi_cdcmpeq
                0x0000000000000e78                __aeabi_dcmpeq
                0x0000000000000e8c                __aeabi_dcmplt
                0x0000000000000ea0                __aeabi_dcmple
                0x0000000000000eb4                __aeabi_dcmpge
                0x0000000000000ec8                __aeabi_dcmpgt
 .text          0x0000000000000edc       0x50 /Applications/KDS_v3.app/Contents/toolchain/bin/../lib/gcc/arm-none-eabi/4.8.4/armv7e-m/fpu/libgcc.a(_arm_fixdfsi.o)
                0x0000000000000edc                __fixdfsi
                0x0000000000000edc                __aeabi_d2iz
 .text          0x0000000000000f2c       0x38 /Applications/KDS_v3.app/Contents/toolchain/bin/../lib/gcc/arm-none-eabi/4.8.4/armv7e-m/fpu/libgcc.a(_aeabi_ldivmod.o)
                0x0000000000000f2c                __aeabi_ldivmod
 .text          0x0000000000000f64       0x2c /Applications/KDS_v3.app/Contents/toolchain/bin/../lib/gcc/arm-none-eabi/4.8.4/armv7e-m/fpu/libgcc.a(_aeabi_uldivmod.o)
                0x0000000000000f64                __aeabi_uldivmod
 .text          0x0000000000000f90       0x30 /Applications/KDS_v3.app/Contents/toolchain/bin/../lib/gcc/arm-none-eabi/4.8.4/armv7e-m/fpu/libgcc.a(_fixdfdi.o)
                0x0000000000000f90                __aeabi_d2lz
                0x0000000000000f90                __fixdfdi
 .text          0x0000000000000fc0       0x44 /Applications/KDS_v3.app/Contents/toolchain/bin/../lib/gcc/arm-none-eabi/4.8.4/armv7e-m/fpu/libgcc.a(_fixunsdfdi.o)
                0x0000000000000fc0                __aeabi_d2ulz
                0x0000000000000fc0                __fixunsdfdi
 .text          0x0000000000001004       0x60 /Applications/KDS_v3.app/Contents/toolchain/bin/../lib/gcc/arm-none-eabi/4.8.4/armv7e-m/fpu/libgcc.a(bpabi.o)
                0x0000000000001004                __gnu_ldivmod_helper
                0x0000000000001034                __gnu_uldivmod_helper
 .text          0x0000000000001064        0x4 /Applications/KDS_v3.app/Contents/toolchain/bin/../lib/gcc/arm-none-eabi/4.8.4/armv7e-m/fpu/libgcc.a(_dvmd_tls.o)
                0x0000000000001064                __aeabi_ldiv0
                0x0000000000001064                __aeabi_idiv0
 .text          0x0000000000001068       0x40 /Applications/KDS_v3.app/Contents/toolchain/bin/../lib/gcc/arm-none-eabi/4.8.4/armv7e-m/fpu/libgcc.a(_arm_fixunsdfsi.o)
                0x0000000000001068                __fixunsdfsi
                0x0000000000001068                __aeabi_d2uiz
 .text          0x00000000000010a8      0x298 /Applications/KDS_v3.app/Contents/toolchain/bin/../lib/gcc/arm-none-eabi/4.8.4/armv7e-m/fpu/libgcc.a(_divdi3.o)
                0x00000000000010a8                __divdi3
 .text          0x0000000000001340      0x284 /Applications/KDS_v3.app/Contents/toolchain/bin/../lib/gcc/arm-none-eabi/4.8.4/armv7e-m/fpu/libgcc.a(_udivdi3.o)
                0x0000000000001340                __udivdi3
 *(.text*)
 .text.UART_EnableTx
                0x00000000000015c4       0x40 ./utilities/fsl_debug_console.o
 .text.UART_EnableRx
                0x0000000000001604       0x40 ./utilities/fsl_debug_console.o
 .text.LPUART_EnableTx
                0x0000000000001644       0x38 ./utilities/fsl_debug_console.o
 .text.LPUART_EnableRx
                0x000000000000167c       0x38 ./utilities/fsl_debug_console.o
 .text.DbgConsole_Init
                0x00000000000016b4       0xe8 ./utilities/fsl_debug_console.o
                0x00000000000016b4                DbgConsole_Init
 .text.DbgConsole_Printf
                0x000000000000179c       0x40 ./utilities/fsl_debug_console.o
                0x000000000000179c                DbgConsole_Printf
 .text.DbgConsole_Putchar
                0x00000000000017dc       0x38 ./utilities/fsl_debug_console.o
                0x00000000000017dc                DbgConsole_Putchar
 .text.DbgConsole_PrintfPaddingCharacter
                0x0000000000001814       0x40 ./utilities/fsl_debug_console.o
 .text.DbgConsole_ConvertRadixNumToString
                0x0000000000001854      0x1d8 ./utilities/fsl_debug_console.o
 *fill*         0x0000000000001a2c        0x4 
 .text.DbgConsole_ConvertFloatRadixNumToString
                0x0000000000001a30      0x2b8 ./utilities/fsl_debug_console.o
 .text.DbgConsole_PrintfFormattedData
                0x0000000000001ce8      0x8a0 ./utilities/fsl_debug_console.o
 .text.SystemInit
                0x0000000000002588       0x3c ./startup/system_MK22F51212.o
                0x0000000000002588                SystemInit
 .text.GPIO_SetPinsOutput
                0x00000000000025c4       0x1c ./source/main.o
 .text.GPIO_ClearPinsOutput
                0x00000000000025e0       0x1c ./source/main.o
 .text.GPIO_ReadPinInput
                0x00000000000025fc       0x24 ./source/main.o
 .text.main     0x0000000000002620       0x68 ./source/main.o
                0x0000000000002620                main
 .text.heartbeat_task
                0x0000000000002688       0xbc ./source/main.o
 .text.csac_watcher
                0x0000000000002744       0xa0 ./source/main.o
 .text.getCsacState
                0x00000000000027e4       0x80 ./source/main.o
 .text.pvPortMalloc
                0x0000000000002864      0x184 ./freertos/Source/portable/MemMang/heap_4.o
                0x0000000000002864                pvPortMalloc
 .text.vPortFree
                0x00000000000029e8       0xb0 ./freertos/Source/portable/MemMang/heap_4.o
                0x00000000000029e8                vPortFree
 .text.prvHeapInit
                0x0000000000002a98       0xc4 ./freertos/Source/portable/MemMang/heap_4.o
 .text.prvInsertBlockIntoFreeList
                0x0000000000002b5c       0xb0 ./freertos/Source/portable/MemMang/heap_4.o
 .text.pxPortInitialiseStack
                0x0000000000002c0c       0x64 ./freertos/Source/portable/GCC/ARM_CM4F/port.o
                0x0000000000002c0c                pxPortInitialiseStack
 .text.prvTaskExitError
                0x0000000000002c70       0x3c ./freertos/Source/portable/GCC/ARM_CM4F/port.o
 .text.SVC_Handler
                0x0000000000002cac       0x20 ./freertos/Source/portable/GCC/ARM_CM4F/port.o
                0x0000000000002cac                SVC_Handler
 .text.prvPortStartFirstTask
                0x0000000000002ccc       0x20 ./freertos/Source/portable/GCC/ARM_CM4F/port.o
 .text.xPortStartScheduler
                0x0000000000002cec      0x118 ./freertos/Source/portable/GCC/ARM_CM4F/port.o
                0x0000000000002cec                xPortStartScheduler
 .text.vPortEnterCritical
                0x0000000000002e04       0x5c ./freertos/Source/portable/GCC/ARM_CM4F/port.o
                0x0000000000002e04                vPortEnterCritical
 .text.vPortExitCritical
                0x0000000000002e60       0x4c ./freertos/Source/portable/GCC/ARM_CM4F/port.o
                0x0000000000002e60                vPortExitCritical
 .text.PendSV_Handler
                0x0000000000002eac       0x60 ./freertos/Source/portable/GCC/ARM_CM4F/port.o
                0x0000000000002eac                PendSV_Handler
 .text.SysTick_Handler
                0x0000000000002f0c       0x44 ./freertos/Source/portable/GCC/ARM_CM4F/port.o
                0x0000000000002f0c                SysTick_Handler
 .text.vPortSetupTimerInterrupt
                0x0000000000002f50       0x34 ./freertos/Source/portable/GCC/ARM_CM4F/port.o
                0x0000000000002f50                vPortSetupTimerInterrupt
 .text.vPortEnableVFP
                0x0000000000002f84       0x14 ./freertos/Source/portable/GCC/ARM_CM4F/port.o
 .text.vPortValidateInterruptPriority
                0x0000000000002f98       0x78 ./freertos/Source/portable/GCC/ARM_CM4F/port.o
                0x0000000000002f98                vPortValidateInterruptPriority
 .text.vListInitialise
                0x0000000000003010       0x40 ./freertos/Source/list.o
                0x0000000000003010                vListInitialise
 .text.vListInitialiseItem
                0x0000000000003050       0x18 ./freertos/Source/list.o
                0x0000000000003050                vListInitialiseItem
 .text.vListInsertEnd
                0x0000000000003068       0x48 ./freertos/Source/list.o
                0x0000000000003068                vListInsertEnd
 .text.vListInsert
                0x00000000000030b0       0x70 ./freertos/Source/list.o
                0x00000000000030b0                vListInsert
 .text.uxListRemove
                0x0000000000003120       0x54 ./freertos/Source/list.o
                0x0000000000003120                uxListRemove
 .text.xQueueGenericReset
                0x0000000000003174       0xd0 ./freertos/Source/queue.o
                0x0000000000003174                xQueueGenericReset
 .text.xQueueGenericCreate
                0x0000000000003244       0xb4 ./freertos/Source/queue.o
                0x0000000000003244                xQueueGenericCreate
 .text.xQueueGenericSend
                0x00000000000032f8      0x1ec ./freertos/Source/queue.o
                0x00000000000032f8                xQueueGenericSend
 .text.xQueueGenericSendFromISR
                0x00000000000034e4      0x118 ./freertos/Source/queue.o
                0x00000000000034e4                xQueueGenericSendFromISR
 .text.xQueueGenericReceive
                0x00000000000035fc      0x20c ./freertos/Source/queue.o
                0x00000000000035fc                xQueueGenericReceive
 .text.prvCopyDataToQueue
                0x0000000000003808       0xdc ./freertos/Source/queue.o
 .text.prvCopyDataFromQueue
                0x00000000000038e4       0x4c ./freertos/Source/queue.o
 .text.prvUnlockQueue
                0x0000000000003930       0x98 ./freertos/Source/queue.o
 .text.prvIsQueueEmpty
                0x00000000000039c8       0x2c ./freertos/Source/queue.o
 .text.prvIsQueueFull
                0x00000000000039f4       0x30 ./freertos/Source/queue.o
 .text.vQueueAddToRegistry
                0x0000000000003a24       0x50 ./freertos/Source/queue.o
                0x0000000000003a24                vQueueAddToRegistry
 .text.vQueueWaitForMessageRestricted
                0x0000000000003a74       0x5c ./freertos/Source/queue.o
                0x0000000000003a74                vQueueWaitForMessageRestricted
 .text.xTaskGenericCreate
                0x0000000000003ad0      0x1a0 ./freertos/Source/tasks.o
                0x0000000000003ad0                xTaskGenericCreate
 .text.vTaskDelay
                0x0000000000003c70       0xa4 ./freertos/Source/tasks.o
                0x0000000000003c70                vTaskDelay
 .text.vTaskSuspend
                0x0000000000003d14      0x110 ./freertos/Source/tasks.o
                0x0000000000003d14                vTaskSuspend
 .text.vTaskStartScheduler
                0x0000000000003e24       0x98 ./freertos/Source/tasks.o
                0x0000000000003e24                vTaskStartScheduler
 .text.vTaskSuspendAll
                0x0000000000003ebc       0x1c ./freertos/Source/tasks.o
                0x0000000000003ebc                vTaskSuspendAll
 .text.xTaskResumeAll
                0x0000000000003ed8      0x128 ./freertos/Source/tasks.o
                0x0000000000003ed8                xTaskResumeAll
 .text.xTaskGetTickCount
                0x0000000000004000       0x20 ./freertos/Source/tasks.o
                0x0000000000004000                xTaskGetTickCount
 .text.xTaskIncrementTick
                0x0000000000004020      0x15c ./freertos/Source/tasks.o
                0x0000000000004020                xTaskIncrementTick
 .text.vTaskSwitchContext
                0x000000000000417c       0xb4 ./freertos/Source/tasks.o
                0x000000000000417c                vTaskSwitchContext
 .text.vTaskPlaceOnEventList
                0x0000000000004230       0x9c ./freertos/Source/tasks.o
                0x0000000000004230                vTaskPlaceOnEventList
 .text.vTaskPlaceOnEventListRestricted
                0x00000000000042cc       0x9c ./freertos/Source/tasks.o
                0x00000000000042cc                vTaskPlaceOnEventListRestricted
 .text.xTaskRemoveFromEventList
                0x0000000000004368       0xc4 ./freertos/Source/tasks.o
                0x0000000000004368                xTaskRemoveFromEventList
 .text.vTaskSetTimeOutState
                0x000000000000442c       0x44 ./freertos/Source/tasks.o
                0x000000000000442c                vTaskSetTimeOutState
 .text.xTaskCheckForTimeOut
                0x0000000000004470       0xbc ./freertos/Source/tasks.o
                0x0000000000004470                xTaskCheckForTimeOut
 .text.vTaskMissedYield
                0x000000000000452c       0x18 ./freertos/Source/tasks.o
                0x000000000000452c                vTaskMissedYield
 .text.prvIdleTask
                0x0000000000004544       0x30 ./freertos/Source/tasks.o
 .text.prvInitialiseTCBVariables
                0x0000000000004574       0xa4 ./freertos/Source/tasks.o
 .text.prvInitialiseTaskLists
                0x0000000000004618       0x7c ./freertos/Source/tasks.o
 .text.prvCheckTasksWaitingTermination
                0x0000000000004694       0x74 ./freertos/Source/tasks.o
 .text.prvAddCurrentTaskToDelayedList
                0x0000000000004708       0x6c ./freertos/Source/tasks.o
 .text.prvAllocateTCBAndStack
                0x0000000000004774       0x70 ./freertos/Source/tasks.o
 .text.prvDeleteTCB
                0x00000000000047e4       0x20 ./freertos/Source/tasks.o
 .text.prvResetNextTaskUnblockTime
                0x0000000000004804       0x48 ./freertos/Source/tasks.o
 .text.xTaskGetSchedulerState
                0x000000000000484c       0x3c ./freertos/Source/tasks.o
                0x000000000000484c                xTaskGetSchedulerState
 .text.vTaskPriorityInherit
                0x0000000000004888       0xec ./freertos/Source/tasks.o
                0x0000000000004888                vTaskPriorityInherit
 .text.xTaskPriorityDisinherit
                0x0000000000004974      0x108 ./freertos/Source/tasks.o
                0x0000000000004974                xTaskPriorityDisinherit
 .text.pvTaskIncrementMutexHeldCount
                0x0000000000004a7c       0x28 ./freertos/Source/tasks.o
                0x0000000000004a7c                pvTaskIncrementMutexHeldCount
 .text.xTimerCreateTimerTask
                0x0000000000004aa4       0x64 ./freertos/Source/timers.o
                0x0000000000004aa4                xTimerCreateTimerTask
 .text.xTimerGenericCommand
                0x0000000000004b08       0xa4 ./freertos/Source/timers.o
                0x0000000000004b08                xTimerGenericCommand
 .text.prvProcessExpiredTimer
                0x0000000000004bac       0x80 ./freertos/Source/timers.o
 .text.prvTimerTask
                0x0000000000004c2c       0x24 ./freertos/Source/timers.o
 .text.prvProcessTimerOrBlockTask
                0x0000000000004c50       0x9c ./freertos/Source/timers.o
 .text.prvGetNextExpireTime
                0x0000000000004cec       0x48 ./freertos/Source/timers.o
 .text.prvSampleTimeNow
                0x0000000000004d34       0x40 ./freertos/Source/timers.o
 .text.prvInsertTimerInActiveList
                0x0000000000004d74       0x84 ./freertos/Source/timers.o
 .text.prvProcessReceivedCommands
                0x0000000000004df8      0x12c ./freertos/Source/timers.o
 .text.prvSwitchTimerLists
                0x0000000000004f24       0xc0 ./freertos/Source/timers.o
 .text.prvCheckForValidListAndQueue
                0x0000000000004fe4       0x8c ./freertos/Source/timers.o
 .text.CLOCK_SetEr32kClock
                0x0000000000005070       0x2c ./drivers/fsl_clock.o
 .text.CLOCK_SetPllFllSelClock
                0x000000000000509c       0x38 ./drivers/fsl_clock.o
 .text.OSC_SetExtRefClkConfig
                0x00000000000050d4       0x40 ./drivers/fsl_clock.o
 .text.OSC_SetCapLoad
                0x0000000000005114       0x34 ./drivers/fsl_clock.o
 .text.CLOCK_GetMcgExtClkFreq
                0x0000000000005148       0x8c ./drivers/fsl_clock.o
 .text.CLOCK_GetFllExtRefClkFreq
                0x00000000000051d4       0xc8 ./drivers/fsl_clock.o
 .text.CLOCK_GetInternalRefClkSelectFreq
                0x000000000000529c       0x44 ./drivers/fsl_clock.o
 .text.CLOCK_GetFllRefClkFreq
                0x00000000000052e0       0x2c ./drivers/fsl_clock.o
 .text.CLOCK_GetPll0RefFreq
                0x000000000000530c       0x10 ./drivers/fsl_clock.o
 .text.CLOCK_GetOscRangeFromFreq
                0x000000000000531c       0x3c ./drivers/fsl_clock.o
 .text.CLOCK_GetCoreSysClkFreq
                0x0000000000005358       0x24 ./drivers/fsl_clock.o
                0x0000000000005358                CLOCK_GetCoreSysClkFreq
 .text.CLOCK_SetSimConfig
                0x000000000000537c       0x34 ./drivers/fsl_clock.o
                0x000000000000537c                CLOCK_SetSimConfig
 .text.CLOCK_GetOutClkFreq
                0x00000000000053b0       0x64 ./drivers/fsl_clock.o
                0x00000000000053b0                CLOCK_GetOutClkFreq
 .text.CLOCK_GetFllFreq
                0x0000000000005414       0x74 ./drivers/fsl_clock.o
                0x0000000000005414                CLOCK_GetFllFreq
 .text.CLOCK_GetPll0Freq
                0x0000000000005488       0x58 ./drivers/fsl_clock.o
                0x0000000000005488                CLOCK_GetPll0Freq
 .text.CLOCK_SetExternalRefClkConfig
                0x00000000000054e0       0x90 ./drivers/fsl_clock.o
                0x00000000000054e0                CLOCK_SetExternalRefClkConfig
 .text.CLOCK_SetInternalRefClkConfig
                0x0000000000005570      0x104 ./drivers/fsl_clock.o
                0x0000000000005570                CLOCK_SetInternalRefClkConfig
 .text.CLOCK_EnablePll0
                0x0000000000005674       0x94 ./drivers/fsl_clock.o
                0x0000000000005674                CLOCK_EnablePll0
 .text.CLOCK_InitOsc0
                0x0000000000005708       0x8c ./drivers/fsl_clock.o
                0x0000000000005708                CLOCK_InitOsc0
 .text.CLOCK_SetPbeMode
                0x0000000000005794       0x98 ./drivers/fsl_clock.o
                0x0000000000005794                CLOCK_SetPbeMode
 .text.CLOCK_BootToPeeMode
                0x000000000000582c       0x74 ./drivers/fsl_clock.o
                0x000000000000582c                CLOCK_BootToPeeMode
 .text.__assert_func
                0x00000000000058a0       0x28 ./drivers/fsl_common.o
                0x00000000000058a0                __assert_func
 .text.DSPI_IsMaster
                0x00000000000058c8       0x1c ./drivers/fsl_dspi.o
 .text.DSPI_CommonIRQHandler
                0x00000000000058e4       0x3c ./drivers/fsl_dspi.o
 .text.SPI0_DriverIRQHandler
                0x0000000000005920       0x3c ./drivers/fsl_dspi.o
                0x0000000000005920                SPI0_DriverIRQHandler
 .text.SPI1_DriverIRQHandler
                0x000000000000595c       0x3c ./drivers/fsl_dspi.o
                0x000000000000595c                SPI1_DriverIRQHandler
 .text.EDMA_HandleIRQ
                0x0000000000005998      0x154 ./drivers/fsl_edma.o
                0x0000000000005998                EDMA_HandleIRQ
 .text.DMA0_DriverIRQHandler
                0x0000000000005aec       0x14 ./drivers/fsl_edma.o
                0x0000000000005aec                DMA0_DriverIRQHandler
 .text.DMA1_DriverIRQHandler
                0x0000000000005b00       0x14 ./drivers/fsl_edma.o
                0x0000000000005b00                DMA1_DriverIRQHandler
 .text.DMA2_DriverIRQHandler
                0x0000000000005b14       0x14 ./drivers/fsl_edma.o
                0x0000000000005b14                DMA2_DriverIRQHandler
 .text.DMA3_DriverIRQHandler
                0x0000000000005b28       0x14 ./drivers/fsl_edma.o
                0x0000000000005b28                DMA3_DriverIRQHandler
 .text.DMA4_DriverIRQHandler
                0x0000000000005b3c       0x14 ./drivers/fsl_edma.o
                0x0000000000005b3c                DMA4_DriverIRQHandler
 .text.DMA5_DriverIRQHandler
                0x0000000000005b50       0x14 ./drivers/fsl_edma.o
                0x0000000000005b50                DMA5_DriverIRQHandler
 .text.DMA6_DriverIRQHandler
                0x0000000000005b64       0x14 ./drivers/fsl_edma.o
                0x0000000000005b64                DMA6_DriverIRQHandler
 .text.DMA7_DriverIRQHandler
                0x0000000000005b78       0x14 ./drivers/fsl_edma.o
                0x0000000000005b78                DMA7_DriverIRQHandler
 .text.DMA8_DriverIRQHandler
                0x0000000000005b8c       0x14 ./drivers/fsl_edma.o
                0x0000000000005b8c                DMA8_DriverIRQHandler
 .text.DMA9_DriverIRQHandler
                0x0000000000005ba0       0x14 ./drivers/fsl_edma.o
                0x0000000000005ba0                DMA9_DriverIRQHandler
 .text.DMA10_DriverIRQHandler
                0x0000000000005bb4       0x14 ./drivers/fsl_edma.o
                0x0000000000005bb4                DMA10_DriverIRQHandler
 .text.DMA11_DriverIRQHandler
                0x0000000000005bc8       0x14 ./drivers/fsl_edma.o
                0x0000000000005bc8                DMA11_DriverIRQHandler
 .text.DMA12_DriverIRQHandler
                0x0000000000005bdc       0x14 ./drivers/fsl_edma.o
                0x0000000000005bdc                DMA12_DriverIRQHandler
 .text.DMA13_DriverIRQHandler
                0x0000000000005bf0       0x14 ./drivers/fsl_edma.o
                0x0000000000005bf0                DMA13_DriverIRQHandler
 .text.DMA14_DriverIRQHandler
                0x0000000000005c04       0x14 ./drivers/fsl_edma.o
                0x0000000000005c04                DMA14_DriverIRQHandler
 .text.DMA15_DriverIRQHandler
                0x0000000000005c18       0x14 ./drivers/fsl_edma.o
                0x0000000000005c18                DMA15_DriverIRQHandler
 .text.GPIO_WritePinOutput
                0x0000000000005c2c       0x3c ./drivers/fsl_gpio.o
 .text.GPIO_PinInit
                0x0000000000005c68       0x70 ./drivers/fsl_gpio.o
                0x0000000000005c68                GPIO_PinInit
 .text.I2C_TransferCommonIRQHandler
                0x0000000000005cd8       0x4c ./drivers/fsl_i2c.o
 .text.I2C0_DriverIRQHandler
                0x0000000000005d24       0x1c ./drivers/fsl_i2c.o
                0x0000000000005d24                I2C0_DriverIRQHandler
 .text.I2C1_DriverIRQHandler
                0x0000000000005d40       0x1c ./drivers/fsl_i2c.o
                0x0000000000005d40                I2C1_DriverIRQHandler
 .text.CLOCK_EnableClock
                0x0000000000005d5c       0x34 ./drivers/fsl_lpuart.o
 .text.LPUART_GetInstance
                0x0000000000005d90       0x50 ./drivers/fsl_lpuart.o
                0x0000000000005d90                LPUART_GetInstance
 .text.LPUART_Init
                0x0000000000005de0      0x1fc ./drivers/fsl_lpuart.o
                0x0000000000005de0                LPUART_Init
 .text.LPUART_GetDefaultConfig
                0x0000000000005fdc       0x50 ./drivers/fsl_lpuart.o
                0x0000000000005fdc                LPUART_GetDefaultConfig
 .text.LPUART_GetStatusFlags
                0x000000000000602c       0x1c ./drivers/fsl_lpuart.o
                0x000000000000602c                LPUART_GetStatusFlags
 .text.LPUART_ClearStatusFlags
                0x0000000000006048       0x88 ./drivers/fsl_lpuart.o
                0x0000000000006048                LPUART_ClearStatusFlags
 .text.LPUART_WriteBlocking
                0x00000000000060d0       0x40 ./drivers/fsl_lpuart.o
                0x00000000000060d0                LPUART_WriteBlocking
 .text.LPUART_ReadBlocking
                0x0000000000006110       0xb0 ./drivers/fsl_lpuart.o
                0x0000000000006110                LPUART_ReadBlocking
 .text.LPUART0_DriverIRQHandler
                0x00000000000061c0       0x20 ./drivers/fsl_lpuart.o
                0x00000000000061c0                LPUART0_DriverIRQHandler
 .text.SAI_TxClearStatusFlags
                0x00000000000061e0       0x24 ./drivers/fsl_sai.o
 .text.SAI_RxClearStatusFlags
                0x0000000000006204       0x28 ./drivers/fsl_sai.o
 .text.SAI_TxDisableInterrupts
                0x000000000000622c       0x28 ./drivers/fsl_sai.o
 .text.SAI_RxDisableInterrupts
                0x0000000000006254       0x2c ./drivers/fsl_sai.o
 .text.SAI_WriteNonBlocking
                0x0000000000006280       0x94 ./drivers/fsl_sai.o
 .text.SAI_ReadNonBlocking
                0x0000000000006314       0x7c ./drivers/fsl_sai.o
 .text.SAI_TxEnable
                0x0000000000006390       0x64 ./drivers/fsl_sai.o
                0x0000000000006390                SAI_TxEnable
 .text.SAI_RxEnable
                0x00000000000063f4       0x6c ./drivers/fsl_sai.o
                0x00000000000063f4                SAI_RxEnable
 .text.SAI_TransferAbortSend
                0x0000000000006460       0x68 ./drivers/fsl_sai.o
                0x0000000000006460                SAI_TransferAbortSend
 .text.SAI_TransferAbortReceive
                0x00000000000064c8       0x68 ./drivers/fsl_sai.o
                0x00000000000064c8                SAI_TransferAbortReceive
 .text.SAI_TransferTxHandleIRQ
                0x0000000000006530      0x1c4 ./drivers/fsl_sai.o
                0x0000000000006530                SAI_TransferTxHandleIRQ
 .text.SAI_TransferRxHandleIRQ
                0x00000000000066f4      0x1c0 ./drivers/fsl_sai.o
                0x00000000000066f4                SAI_TransferRxHandleIRQ
 .text.I2S0_Tx_DriverIRQHandler
                0x00000000000068b4       0x3c ./drivers/fsl_sai.o
                0x00000000000068b4                I2S0_Tx_DriverIRQHandler
 .text.I2S0_Rx_DriverIRQHandler
                0x00000000000068f0       0x3c ./drivers/fsl_sai.o
                0x00000000000068f0                I2S0_Rx_DriverIRQHandler
 .text.CLOCK_EnableClock
                0x000000000000692c       0x34 ./drivers/fsl_uart.o
 .text.UART_GetInstance
                0x0000000000006960       0x60 ./drivers/fsl_uart.o
                0x0000000000006960                UART_GetInstance
 .text.UART_Init
                0x00000000000069c0      0x1dc ./drivers/fsl_uart.o
                0x00000000000069c0                UART_Init
 .text.UART_GetDefaultConfig
                0x0000000000006b9c       0x54 ./drivers/fsl_uart.o
                0x0000000000006b9c                UART_GetDefaultConfig
 .text.UART_GetStatusFlags
                0x0000000000006bf0       0x48 ./drivers/fsl_uart.o
                0x0000000000006bf0                UART_GetStatusFlags
 .text.UART_WriteBlocking
                0x0000000000006c38       0x40 ./drivers/fsl_uart.o
                0x0000000000006c38                UART_WriteBlocking
 .text.UART_ReadBlocking
                0x0000000000006c78       0x84 ./drivers/fsl_uart.o
                0x0000000000006c78                UART_ReadBlocking
 .text.UART0_DriverIRQHandler
                0x0000000000006cfc       0x20 ./drivers/fsl_uart.o
                0x0000000000006cfc                UART0_DriverIRQHandler
 .text.UART0_RX_TX_DriverIRQHandler
                0x0000000000006d1c        0xc ./drivers/fsl_uart.o
                0x0000000000006d1c                UART0_RX_TX_DriverIRQHandler
 .text.UART1_DriverIRQHandler
                0x0000000000006d28       0x20 ./drivers/fsl_uart.o
                0x0000000000006d28                UART1_DriverIRQHandler
 .text.UART1_RX_TX_DriverIRQHandler
                0x0000000000006d48        0xc ./drivers/fsl_uart.o
                0x0000000000006d48                UART1_RX_TX_DriverIRQHandler
 .text.UART2_DriverIRQHandler
                0x0000000000006d54       0x20 ./drivers/fsl_uart.o
                0x0000000000006d54                UART2_DriverIRQHandler
 .text.UART2_RX_TX_DriverIRQHandler
                0x0000000000006d74        0xc ./drivers/fsl_uart.o
                0x0000000000006d74                UART2_RX_TX_DriverIRQHandler
 .text.CLOCK_SetXtal0Freq
                0x0000000000006d80       0x1c ./board/clock_config.o
 .text.CLOCK_SetSimSafeDivs
                0x0000000000006d9c       0x20 ./board/clock_config.o
 .text.BOARD_BootClockRUN
                0x0000000000006dbc       0x58 ./board/clock_config.o
                0x0000000000006dbc                BOARD_BootClockRUN
 .text.CLOCK_EnableClock
                0x0000000000006e14       0x34 ./board/pin_mux.o
 .text.PORT_SetPinMux
                0x0000000000006e48       0x38 ./board/pin_mux.o
 .text.BOARD_ConfigPinmux
                0x0000000000006e80      0x110 ./board/pin_mux.o
                0x0000000000006e80                BOARD_ConfigPinmux
 .text.BOARD_InitPins
                0x0000000000006f90       0x6c ./board/pin_mux.o
                0x0000000000006f90                BOARD_InitPins
 .text.BOARD_InitDebugConsole
                0x0000000000006ffc       0x1c ./board/pulsar_board.o
                0x0000000000006ffc                BOARD_InitDebugConsole
 .text.modf     0x0000000000007018       0xa4 /Applications/KDS_v3.app/Contents/toolchain/bin/../lib/gcc/arm-none-eabi/4.8.4/../../../../arm-none-eabi/lib/armv7e-m/fpu/libm.a(lib_a-s_modf.o)
                0x0000000000007018                modf
 .text.pow      0x00000000000070bc      0x340 /Applications/KDS_v3.app/Contents/toolchain/bin/../lib/gcc/arm-none-eabi/4.8.4/../../../../arm-none-eabi/lib/armv7e-m/fpu/libm.a(lib_a-w_pow.o)
                0x00000000000070bc                pow
 *fill*         0x00000000000073fc        0x4 
 .text.__ieee754_pow
                0x0000000000007400      0xae8 /Applications/KDS_v3.app/Contents/toolchain/bin/../lib/gcc/arm-none-eabi/4.8.4/../../../../arm-none-eabi/lib/armv7e-m/fpu/libm.a(lib_a-e_pow.o)
                0x0000000000007400                __ieee754_pow
 .text.__ieee754_sqrt
                0x0000000000007ee8      0x198 /Applications/KDS_v3.app/Contents/toolchain/bin/../lib/gcc/arm-none-eabi/4.8.4/../../../../arm-none-eabi/lib/armv7e-m/fpu/libm.a(lib_a-e_sqrt.o)
                0x0000000000007ee8                __ieee754_sqrt
 .text.fabs     0x0000000000008080       0x14 /Applications/KDS_v3.app/Contents/toolchain/bin/../lib/gcc/arm-none-eabi/4.8.4/../../../../arm-none-eabi/lib/armv7e-m/fpu/libm.a(lib_a-s_fabs.o)
                0x0000000000008080                fabs
 .text.finite   0x0000000000008094       0x10 /Applications/KDS_v3.app/Contents/toolchain/bin/../lib/gcc/arm-none-eabi/4.8.4/../../../../arm-none-eabi/lib/armv7e-m/fpu/libm.a(lib_a-s_finite.o)
                0x0000000000008094                finite
 .text.__fpclassifyd
                0x00000000000080a4       0x54 /Applications/KDS_v3.app/Contents/toolchain/bin/../lib/gcc/arm-none-eabi/4.8.4/../../../../arm-none-eabi/lib/armv7e-m/fpu/libm.a(lib_a-s_fpclassify.o)
                0x00000000000080a4                __fpclassifyd
 .text.matherr  0x00000000000080f8        0x4 /Applications/KDS_v3.app/Contents/toolchain/bin/../lib/gcc/arm-none-eabi/4.8.4/../../../../arm-none-eabi/lib/armv7e-m/fpu/libm.a(lib_a-s_matherr.o)
                0x00000000000080f8                matherr
 *fill*         0x00000000000080fc        0x4 
 .text.nan      0x0000000000008100       0x10 /Applications/KDS_v3.app/Contents/toolchain/bin/../lib/gcc/arm-none-eabi/4.8.4/../../../../arm-none-eabi/lib/armv7e-m/fpu/libm.a(lib_a-s_nan.o)
                0x0000000000008100                nan
 .text.rint     0x0000000000008110      0x120 /Applications/KDS_v3.app/Contents/toolchain/bin/../lib/gcc/arm-none-eabi/4.8.4/../../../../arm-none-eabi/lib/armv7e-m/fpu/libm.a(lib_a-s_rint.o)
                0x0000000000008110                rint
 .text.scalbn   0x0000000000008230      0x120 /Applications/KDS_v3.app/Contents/toolchain/bin/../lib/gcc/arm-none-eabi/4.8.4/../../../../arm-none-eabi/lib/armv7e-m/fpu/libm.a(lib_a-s_scalbn.o)
                0x0000000000008230                scalbn
 .text.copysign
                0x0000000000008350       0x24 /Applications/KDS_v3.app/Contents/toolchain/bin/../lib/gcc/arm-none-eabi/4.8.4/../../../../arm-none-eabi/lib/armv7e-m/fpu/libm.a(lib_a-s_copysign.o)
                0x0000000000008350                copysign
 .text.atoi     0x0000000000008374        0x8 /Applications/KDS_v3.app/Contents/toolchain/bin/../lib/gcc/arm-none-eabi/4.8.4/../../../../arm-none-eabi/lib/armv7e-m/fpu/libg_s.a(lib_a-atoi.o)
                0x0000000000008374                atoi
 .text.__errno  0x000000000000837c        0xc /Applications/KDS_v3.app/Contents/toolchain/bin/../lib/gcc/arm-none-eabi/4.8.4/../../../../arm-none-eabi/lib/armv7e-m/fpu/libg_s.a(lib_a-errno.o)
                0x000000000000837c                __errno
 .text.exit     0x0000000000008388       0x28 /Applications/KDS_v3.app/Contents/toolchain/bin/../lib/gcc/arm-none-eabi/4.8.4/../../../../arm-none-eabi/lib/armv7e-m/fpu/libg_s.a(lib_a-exit.o)
                0x0000000000008388                exit
 .text.__libc_init_array
                0x00000000000083b0       0x4c /Applications/KDS_v3.app/Contents/toolchain/bin/../lib/gcc/arm-none-eabi/4.8.4/../../../../arm-none-eabi/lib/armv7e-m/fpu/libg_s.a(lib_a-init.o)
                0x00000000000083b0                __libc_init_array
 .text.memcpy   0x00000000000083fc       0x12 /Applications/KDS_v3.app/Contents/toolchain/bin/../lib/gcc/arm-none-eabi/4.8.4/../../../../arm-none-eabi/lib/armv7e-m/fpu/libg_s.a(lib_a-memcpy-stub.o)
                0x00000000000083fc                memcpy
 .text.memset   0x000000000000840e       0x10 /Applications/KDS_v3.app/Contents/toolchain/bin/../lib/gcc/arm-none-eabi/4.8.4/../../../../arm-none-eabi/lib/armv7e-m/fpu/libg_s.a(lib_a-memset.o)
                0x000000000000840e                memset
 .text.strlen   0x000000000000841e       0x10 /Applications/KDS_v3.app/Contents/toolchain/bin/../lib/gcc/arm-none-eabi/4.8.4/../../../../arm-none-eabi/lib/armv7e-m/fpu/libg_s.a(lib_a-strlen.o)
                0x000000000000841e                strlen
 *fill*         0x000000000000842e        0x2 
 .text._strtol_r
                0x0000000000008430      0x104 /Applications/KDS_v3.app/Contents/toolchain/bin/../lib/gcc/arm-none-eabi/4.8.4/../../../../arm-none-eabi/lib/armv7e-m/fpu/libg_s.a(lib_a-strtol.o)
                0x0000000000008430                _strtol_r
 .text.strtol   0x0000000000008534       0x1c /Applications/KDS_v3.app/Contents/toolchain/bin/../lib/gcc/arm-none-eabi/4.8.4/../../../../arm-none-eabi/lib/armv7e-m/fpu/libg_s.a(lib_a-strtol.o)
                0x0000000000008534                strtol
 .text._exit    0x0000000000008550        0x4 /Applications/KDS_v3.app/Contents/toolchain/bin/../lib/gcc/arm-none-eabi/4.8.4/../../../../arm-none-eabi/lib/armv7e-m/fpu/libnosys.a(_exit.o)
                0x0000000000008550                _exit
 *(.rodata)
 .rodata        0x0000000000008554       0x88 ./source/main.o
 .rodata        0x00000000000085dc        0x8 ./freertos/Source/tasks.o
 .rodata        0x00000000000085e4       0x10 ./freertos/Source/timers.o
 .rodata        0x00000000000085f4       0x3c ./drivers/fsl_clock.o
 .rodata        0x0000000000008630       0x40 ./drivers/fsl_common.o
 .rodata        0x0000000000008670       0x90 ./drivers/fsl_dspi.o
 .rodata        0x0000000000008700      0x238 ./drivers/fsl_edma.o
 .rodata        0x0000000000008938       0x48 ./drivers/fsl_gpio.o
 .rodata        0x0000000000008980       0x50 ./drivers/fsl_lpuart.o
 .rodata        0x00000000000089d0       0x70 ./drivers/fsl_sai.o
 .rodata        0x0000000000008a40       0xc4 ./drivers/fsl_uart.o
 *(.rodata*)
 .rodata.__func__.6498
                0x0000000000008b04       0x18 ./drivers/fsl_clock.o
 .rodata.fllFactorTable.6634
                0x0000000000008b1c       0x10 ./drivers/fsl_clock.o
 .rodata.__func__.6696
                0x0000000000008b2c       0x14 ./drivers/fsl_clock.o
 .rodata.__func__.6892
                0x0000000000008b40       0x14 ./drivers/fsl_clock.o
 .rodata.__func__.7150
                0x0000000000008b54       0x18 ./drivers/fsl_dspi.o
 .rodata.__func__.7154
                0x0000000000008b6c       0x18 ./drivers/fsl_dspi.o
 .rodata.__func__.6983
                0x0000000000008b84       0x10 ./drivers/fsl_edma.o
 .rodata.__func__.6522
                0x0000000000008b94       0x10 ./drivers/fsl_gpio.o
 .rodata.__func__.6686
                0x0000000000008ba4       0x14 ./drivers/fsl_lpuart.o
 .rodata.__func__.6720
                0x0000000000008bb8        0xc ./drivers/fsl_lpuart.o
 .rodata.__func__.6742
                0x0000000000008bc4       0x18 ./drivers/fsl_lpuart.o
 .rodata.__func__.6997
                0x0000000000008bdc       0x18 ./drivers/fsl_sai.o
 .rodata.__func__.7002
                0x0000000000008bf4       0x1c ./drivers/fsl_sai.o
 .rodata.__func__.7007
                0x0000000000008c10       0x18 ./drivers/fsl_sai.o
 .rodata.__func__.7015
                0x0000000000008c28       0x18 ./drivers/fsl_sai.o
 .rodata.__func__.7022
                0x0000000000008c40       0x1c ./drivers/fsl_sai.o
 .rodata.__func__.7026
                0x0000000000008c5c       0x1c ./drivers/fsl_sai.o
 .rodata.s_uartBases
                0x0000000000008c78        0xc ./drivers/fsl_uart.o
 .rodata.s_uartClock
                0x0000000000008c84        0xc ./drivers/fsl_uart.o
 .rodata.__func__.6692
                0x0000000000008c90       0x14 ./drivers/fsl_uart.o
 .rodata.__func__.6706
                0x0000000000008ca4        0xc ./drivers/fsl_uart.o
 .rodata.__func__.6722
                0x0000000000008cb0       0x18 ./drivers/fsl_uart.o
 .rodata.g_defaultClockConfigRun
                0x0000000000008cc8       0x20 ./board/clock_config.o
                0x0000000000008cc8                g_defaultClockConfigRun
 .rodata.csac_uart_conf
                0x0000000000008ce8        0xc ./board/pin_mux.o
 .rodata.str1.4
                0x0000000000008cf4        0x4 /Applications/KDS_v3.app/Contents/toolchain/bin/../lib/gcc/arm-none-eabi/4.8.4/../../../../arm-none-eabi/lib/armv7e-m/fpu/libm.a(lib_a-w_pow.o)
 .rodata.dp_h   0x0000000000008cf8       0x10 /Applications/KDS_v3.app/Contents/toolchain/bin/../lib/gcc/arm-none-eabi/4.8.4/../../../../arm-none-eabi/lib/armv7e-m/fpu/libm.a(lib_a-e_pow.o)
 .rodata.dp_l   0x0000000000008d08       0x10 /Applications/KDS_v3.app/Contents/toolchain/bin/../lib/gcc/arm-none-eabi/4.8.4/../../../../arm-none-eabi/lib/armv7e-m/fpu/libm.a(lib_a-e_pow.o)
 .rodata.bp     0x0000000000008d18       0x10 /Applications/KDS_v3.app/Contents/toolchain/bin/../lib/gcc/arm-none-eabi/4.8.4/../../../../arm-none-eabi/lib/armv7e-m/fpu/libm.a(lib_a-e_pow.o)
 .rodata.str1.4
                0x0000000000008d28        0x4 /Applications/KDS_v3.app/Contents/toolchain/bin/../lib/gcc/arm-none-eabi/4.8.4/../../../../arm-none-eabi/lib/armv7e-m/fpu/libm.a(lib_a-e_pow.o)
 *fill*         0x0000000000008d2c        0x4 
 .rodata.TWO52  0x0000000000008d30       0x10 /Applications/KDS_v3.app/Contents/toolchain/bin/../lib/gcc/arm-none-eabi/4.8.4/../../../../arm-none-eabi/lib/armv7e-m/fpu/libm.a(lib_a-s_rint.o)
 .rodata.str1.1
                0x0000000000008d40        0x2 /Applications/KDS_v3.app/Contents/toolchain/bin/../lib/gcc/arm-none-eabi/4.8.4/../../../../arm-none-eabi/lib/armv7e-m/fpu/libg_s.a(lib_a-impure.o)
 *fill*         0x0000000000008d42        0x2 
 .rodata._global_impure_ptr
                0x0000000000008d44        0x4 /Applications/KDS_v3.app/Contents/toolchain/bin/../lib/gcc/arm-none-eabi/4.8.4/../../../../arm-none-eabi/lib/armv7e-m/fpu/libg_s.a(lib_a-impure.o)
                0x0000000000008d44                _global_impure_ptr
 .rodata._ctype_
                0x0000000000008d48      0x101 /Applications/KDS_v3.app/Contents/toolchain/bin/../lib/gcc/arm-none-eabi/4.8.4/../../../../arm-none-eabi/lib/armv7e-m/fpu/libg_s.a(lib_a-ctype_.o)
                0x0000000000008d48                _ctype_
 *(.glue_7)
 .glue_7        0x0000000000000000        0x0 linker stubs
 *(.glue_7t)
 .glue_7t       0x0000000000000000        0x0 linker stubs
 *(.eh_frame)
 *fill*         0x0000000000008e49        0x3 
 .eh_frame      0x0000000000008e4c        0x0 /Applications/KDS_v3.app/Contents/toolchain/bin/../lib/gcc/arm-none-eabi/4.8.4/armv7e-m/fpu/crtbegin.o
 *(.init)
 .init          0x0000000000008e4c        0x4 /Applications/KDS_v3.app/Contents/toolchain/bin/../lib/gcc/arm-none-eabi/4.8.4/armv7e-m/fpu/crti.o
                0x0000000000008e4c                _init
 .init          0x0000000000008e50        0x8 /Applications/KDS_v3.app/Contents/toolchain/bin/../lib/gcc/arm-none-eabi/4.8.4/armv7e-m/fpu/crtn.o
 *(.fini)
 .fini          0x0000000000008e58        0x4 /Applications/KDS_v3.app/Contents/toolchain/bin/../lib/gcc/arm-none-eabi/4.8.4/armv7e-m/fpu/crti.o
                0x0000000000008e58                _fini
 .fini          0x0000000000008e5c        0x8 /Applications/KDS_v3.app/Contents/toolchain/bin/../lib/gcc/arm-none-eabi/4.8.4/armv7e-m/fpu/crtn.o
                0x0000000000008e64                . = ALIGN (0x4)

.vfp11_veneer   0x0000000000008e64        0x0
 .vfp11_veneer  0x0000000000000000        0x0 linker stubs

.v4_bx          0x0000000000008e64        0x0
 .v4_bx         0x0000000000000000        0x0 linker stubs

.iplt           0x0000000000008e64        0x0
 .iplt          0x0000000000000000        0x0 /Applications/KDS_v3.app/Contents/toolchain/bin/../lib/gcc/arm-none-eabi/4.8.4/armv7e-m/fpu/crtbegin.o

.ARM.extab
 *(.ARM.extab* .gnu.linkonce.armextab.*)

.ARM            0x0000000000008e64        0x8
                0x0000000000008e64                __exidx_start = .
 *(.ARM.exidx*)
 .ARM.exidx     0x0000000000008e64        0x8 /Applications/KDS_v3.app/Contents/toolchain/bin/../lib/gcc/arm-none-eabi/4.8.4/../../../../arm-none-eabi/lib/armv7e-m/fpu/crt0.o
 .ARM.exidx     0x0000000000008e6c        0x0 /Applications/KDS_v3.app/Contents/toolchain/bin/../lib/gcc/arm-none-eabi/4.8.4/armv7e-m/fpu/libgcc.a(_divdi3.o)
                                          0x8 (size before relaxing)
 .ARM.exidx     0x0000000000008e6c        0x0 /Applications/KDS_v3.app/Contents/toolchain/bin/../lib/gcc/arm-none-eabi/4.8.4/armv7e-m/fpu/libgcc.a(_udivdi3.o)
                                          0x8 (size before relaxing)
                0x0000000000008e6c                __exidx_end = .

.rel.dyn        0x0000000000008e6c        0x0
 .rel.iplt      0x0000000000000000        0x0 /Applications/KDS_v3.app/Contents/toolchain/bin/../lib/gcc/arm-none-eabi/4.8.4/armv7e-m/fpu/crtbegin.o

.ctors          0x0000000000008e6c        0x0
                0x0000000000008e6c                __CTOR_LIST__ = .
 *crtbegin.o(.ctors)
 *crtbegin?.o(.ctors)
 *(EXCLUDE_FILE(*crtend.o *crtend?.o) .ctors)
 *(SORT(.ctors.*))
 *(.ctors)
                0x0000000000008e6c                __CTOR_END__ = .

.dtors          0x0000000000008e6c        0x0
                0x0000000000008e6c                __DTOR_LIST__ = .
 *crtbegin.o(.dtors)
 *crtbegin?.o(.dtors)
 *(EXCLUDE_FILE(*crtend.o *crtend?.o) .dtors)
 *(SORT(.dtors.*))
 *(.dtors)
                0x0000000000008e6c                __DTOR_END__ = .

.preinit_array  0x0000000000008e6c        0x0
                0x0000000000008e6c                PROVIDE (__preinit_array_start, .)
 *(.preinit_array*)
                0x0000000000008e6c                PROVIDE (__preinit_array_end, .)

.init_array     0x0000000000008e6c        0x4
                0x0000000000008e6c                PROVIDE (__init_array_start, .)
 *(SORT(.init_array.*))
 *(.init_array*)
 .init_array    0x0000000000008e6c        0x4 /Applications/KDS_v3.app/Contents/toolchain/bin/../lib/gcc/arm-none-eabi/4.8.4/armv7e-m/fpu/crtbegin.o
                0x0000000000008e70                PROVIDE (__init_array_end, .)

.fini_array     0x0000000000008e70        0x4
                0x0000000000008e70                PROVIDE (__fini_array_start, .)
 *(SORT(.fini_array.*))
 *(.fini_array*)
 .fini_array    0x0000000000008e70        0x4 /Applications/KDS_v3.app/Contents/toolchain/bin/../lib/gcc/arm-none-eabi/4.8.4/armv7e-m/fpu/crtbegin.o
                0x0000000000008e74                PROVIDE (__fini_array_end, .)
                0x0000000000008e74                __etext = .
                0x0000000000008e74                __DATA_ROM = .

.interrupts_ram
                0x000000001fff0000        0x0
                0x000000001fff0000                . = ALIGN (0x4)
                0x000000001fff0000                __VECTOR_RAM__ = .
                0x000000001fff0000                __interrupts_ram_start__ = .
 *(.m_interrupts_ram)
                0x000000001fff0000                . = (. + M_VECTOR_RAM_SIZE)
                0x000000001fff0000                . = ALIGN (0x4)
                0x000000001fff0000                __interrupts_ram_end__ = .
                0x0000000000000000                __VECTOR_RAM = DEFINED (__ram_vector_table__)?__VECTOR_RAM__:ORIGIN (m_interrupts)
                0x0000000000000000                __RAM_VECTOR_TABLE_SIZE_BYTES = DEFINED (__ram_vector_table__)?(__interrupts_ram_end__ - __interrupts_ram_start__):0x0

.data           0x000000001fff0000       0x80 load address 0x0000000000008e74
                0x000000001fff0000                . = ALIGN (0x4)
                0x000000001fff0000                __DATA_RAM = .
                0x000000001fff0000                __data_start__ = .
 *(.data)
 *(.data*)
 .data.SystemCoreClock
                0x000000001fff0000        0x4 ./startup/system_MK22F51212.o
                0x000000001fff0000                SystemCoreClock
 .data.uxCriticalNesting
                0x000000001fff0004        0x4 ./freertos/Source/portable/GCC/ARM_CM4F/port.o
 .data.s_slowIrcFreq
                0x000000001fff0008        0x4 ./drivers/fsl_clock.o
 .data.s_fastIrcFreq
                0x000000001fff000c        0x4 ./drivers/fsl_clock.o
 .data.__fdlib_version
                0x000000001fff0010        0x1 /Applications/KDS_v3.app/Contents/toolchain/bin/../lib/gcc/arm-none-eabi/4.8.4/../../../../arm-none-eabi/lib/armv7e-m/fpu/libm.a(lib_a-s_lib_ver.o)
                0x000000001fff0010                __fdlib_version
 *fill*         0x000000001fff0011        0x3 
 .data.impure_data
                0x000000001fff0014       0x60 /Applications/KDS_v3.app/Contents/toolchain/bin/../lib/gcc/arm-none-eabi/4.8.4/../../../../arm-none-eabi/lib/armv7e-m/fpu/libg_s.a(lib_a-impure.o)
 .data._impure_ptr
                0x000000001fff0074        0x4 /Applications/KDS_v3.app/Contents/toolchain/bin/../lib/gcc/arm-none-eabi/4.8.4/../../../../arm-none-eabi/lib/armv7e-m/fpu/libg_s.a(lib_a-impure.o)
                0x000000001fff0074                _impure_ptr
 .data.__ctype_ptr__
                0x000000001fff0078        0x4 /Applications/KDS_v3.app/Contents/toolchain/bin/../lib/gcc/arm-none-eabi/4.8.4/../../../../arm-none-eabi/lib/armv7e-m/fpu/libg_s.a(lib_a-ctype_.o)
                0x000000001fff0078                __ctype_ptr__
 *(.jcr*)
 .jcr           0x000000001fff007c        0x0 /Applications/KDS_v3.app/Contents/toolchain/bin/../lib/gcc/arm-none-eabi/4.8.4/armv7e-m/fpu/crtbegin.o
 .jcr           0x000000001fff007c        0x4 /Applications/KDS_v3.app/Contents/toolchain/bin/../lib/gcc/arm-none-eabi/4.8.4/armv7e-m/fpu/crtend.o
                0x000000001fff0080                . = ALIGN (0x4)
                0x000000001fff0080                __data_end__ = .
                0x0000000000008ef4                __DATA_END = (__DATA_ROM + (__data_end__ - __data_start__))
                0x0000000000080000                text_end = (ORIGIN (m_text) + 0x7fbf0)
                0x0000000000000001                ASSERT ((__DATA_END <= text_end), region m_text overflowed with text and data)
                0x0000000000000800                USB_RAM_GAP = DEFINED (__usb_ram_size__)?__usb_ram_size__:0x800

.igot.plt       0x000000001fff0080        0x0 load address 0x0000000000008ef4
 .igot.plt      0x0000000000000000        0x0 /Applications/KDS_v3.app/Contents/toolchain/bin/../lib/gcc/arm-none-eabi/4.8.4/armv7e-m/fpu/crtbegin.o

.bss            0x000000001fff0080     0x33d4 load address 0x0000000000008ef4
                0x000000001fff0080                . = ALIGN (0x4)
                0x000000001fff0080                __START_BSS = .
                0x000000001fff0080                __bss_start__ = .
 *(.bss)
 .bss           0x000000001fff0080       0x1c /Applications/KDS_v3.app/Contents/toolchain/bin/../lib/gcc/arm-none-eabi/4.8.4/armv7e-m/fpu/crtbegin.o
 *(.bss*)
 .bss.s_debugConsole
                0x000000001fff009c       0x10 ./utilities/fsl_debug_console.o
 .bss.ucHeap    0x000000001fff00ac     0x2800 ./freertos/Source/portable/MemMang/heap_4.o
 .bss.xStart    0x000000001fff28ac        0x8 ./freertos/Source/portable/MemMang/heap_4.o
 .bss.pxEnd     0x000000001fff28b4        0x4 ./freertos/Source/portable/MemMang/heap_4.o
 .bss.xFreeBytesRemaining
                0x000000001fff28b8        0x4 ./freertos/Source/portable/MemMang/heap_4.o
 .bss.xMinimumEverFreeBytesRemaining
                0x000000001fff28bc        0x4 ./freertos/Source/portable/MemMang/heap_4.o
 .bss.xBlockAllocatedBit
                0x000000001fff28c0        0x4 ./freertos/Source/portable/MemMang/heap_4.o
 .bss.ucMaxSysCallPriority
                0x000000001fff28c4        0x1 ./freertos/Source/portable/GCC/ARM_CM4F/port.o
 *fill*         0x000000001fff28c5        0x3 
 .bss.ulMaxPRIGROUPValue
                0x000000001fff28c8        0x4 ./freertos/Source/portable/GCC/ARM_CM4F/port.o
 .bss.pxCurrentTCB
                0x000000001fff28cc        0x4 ./freertos/Source/tasks.o
                0x000000001fff28cc                pxCurrentTCB
 .bss.pxReadyTasksLists
                0x000000001fff28d0       0x64 ./freertos/Source/tasks.o
 .bss.xDelayedTaskList1
                0x000000001fff2934       0x14 ./freertos/Source/tasks.o
 .bss.xDelayedTaskList2
                0x000000001fff2948       0x14 ./freertos/Source/tasks.o
 .bss.pxDelayedTaskList
                0x000000001fff295c        0x4 ./freertos/Source/tasks.o
 .bss.pxOverflowDelayedTaskList
                0x000000001fff2960        0x4 ./freertos/Source/tasks.o
 .bss.xPendingReadyList
                0x000000001fff2964       0x14 ./freertos/Source/tasks.o
 .bss.xTasksWaitingTermination
                0x000000001fff2978       0x14 ./freertos/Source/tasks.o
 .bss.uxTasksDeleted
                0x000000001fff298c        0x4 ./freertos/Source/tasks.o
 .bss.xSuspendedTaskList
                0x000000001fff2990       0x14 ./freertos/Source/tasks.o
 .bss.uxCurrentNumberOfTasks
                0x000000001fff29a4        0x4 ./freertos/Source/tasks.o
 .bss.xTickCount
                0x000000001fff29a8        0x4 ./freertos/Source/tasks.o
 .bss.uxTopReadyPriority
                0x000000001fff29ac        0x4 ./freertos/Source/tasks.o
 .bss.xSchedulerRunning
                0x000000001fff29b0        0x4 ./freertos/Source/tasks.o
 .bss.uxPendedTicks
                0x000000001fff29b4        0x4 ./freertos/Source/tasks.o
 .bss.xYieldPending
                0x000000001fff29b8        0x4 ./freertos/Source/tasks.o
 .bss.xNumOfOverflows
                0x000000001fff29bc        0x4 ./freertos/Source/tasks.o
 .bss.uxTaskNumber
                0x000000001fff29c0        0x4 ./freertos/Source/tasks.o
 .bss.xNextTaskUnblockTime
                0x000000001fff29c4        0x4 ./freertos/Source/tasks.o
 .bss.uxSchedulerSuspended
                0x000000001fff29c8        0x4 ./freertos/Source/tasks.o
 .bss.xActiveTimerList1
                0x000000001fff29cc       0x14 ./freertos/Source/timers.o
 .bss.xActiveTimerList2
                0x000000001fff29e0       0x14 ./freertos/Source/timers.o
 .bss.pxCurrentTimerList
                0x000000001fff29f4        0x4 ./freertos/Source/timers.o
 .bss.pxOverflowTimerList
                0x000000001fff29f8        0x4 ./freertos/Source/timers.o
 .bss.xTimerQueue
                0x000000001fff29fc        0x4 ./freertos/Source/timers.o
 .bss.xLastTime.5201
                0x000000001fff2a00        0x4 ./freertos/Source/timers.o
 .bss.g_dspiHandle
                0x000000001fff2a04        0x8 ./drivers/fsl_dspi.o
 .bss.s_dspiMasterIsr
                0x000000001fff2a0c        0x4 ./drivers/fsl_dspi.o
 .bss.s_dspiSlaveIsr
                0x000000001fff2a10        0x4 ./drivers/fsl_dspi.o
 .bss.s_EDMAHandle
                0x000000001fff2a14       0x40 ./drivers/fsl_edma.o
 .bss.s_i2cHandle
                0x000000001fff2a54        0x8 ./drivers/fsl_i2c.o
 .bss.s_i2cMasterIsr
                0x000000001fff2a5c        0x4 ./drivers/fsl_i2c.o
 .bss.s_i2cSlaveIsr
                0x000000001fff2a60        0x4 ./drivers/fsl_i2c.o
 .bss.s_lpuartHandle
                0x000000001fff2a64        0x4 ./drivers/fsl_lpuart.o
 .bss.s_lpuartIsr
                0x000000001fff2a68        0x4 ./drivers/fsl_lpuart.o
 .bss.s_uartHandle
                0x000000001fff2a6c        0xc ./drivers/fsl_uart.o
 .bss.s_uartIsr
                0x000000001fff2a78        0x4 ./drivers/fsl_uart.o
                0x000000001fff2c00                . = ALIGN (0x200)
 *fill*         0x000000001fff2a7c      0x184 
                0x000000001fff2c00                USB_RAM_START = .
                0x000000001fff3400                . = (. + USB_RAM_GAP)
 *fill*         0x000000001fff2c00      0x800 
 *(COMMON)
 COMMON         0x000000001fff3400        0x4 ./source/main.o
                0x000000001fff3400                CSAC_lock_semaphore
 COMMON         0x000000001fff3404       0x40 ./freertos/Source/queue.o
                0x000000001fff3404                xQueueRegistry
 COMMON         0x000000001fff3444        0x8 ./drivers/fsl_clock.o
                0x000000001fff3444                g_xtal32Freq
                0x000000001fff3448                g_xtal0Freq
 COMMON         0x000000001fff344c        0x8 ./drivers/fsl_sai.o
                0x000000001fff344c                s_saiHandle
                0x000000001fff3454                . = ALIGN (0x4)
                0x000000001fff3454                __bss_end__ = .
                0x000000001fff3454                __END_BSS = .

.heap           0x0000000020000000      0x400
                0x0000000020000000                . = ALIGN (0x8)
                0x0000000020000000                __end__ = .
                0x0000000020000000                PROVIDE (end, .)
                0x0000000020000000                __HeapBase = .
                0x0000000020000400                . = (. + HEAP_SIZE)
 *fill*         0x0000000020000000      0x400 
                0x0000000020000400                __HeapLimit = .
                0x0000000020000400                __heap_limit = .

.stack          0x0000000020000400      0x400
                0x0000000020000400                . = ALIGN (0x8)
                0x0000000020000800                . = (. + STACK_SIZE)
 *fill*         0x0000000020000400      0x400 

m_usb_bdt       0x000000001fff2c00        0x0
 *(m_usb_bdt)
                0x000000001fff2c00                USB_RAM_BDT_END = .

m_usb_global
 *(m_usb_global)
                0x0000000020010000                __StackTop = (ORIGIN (m_data_2) + 0x10000)
                0x000000002000fc00                __StackLimit = (__StackTop - STACK_SIZE)
                0x0000000020010000                PROVIDE (__stack, __StackTop)

.ARM.attributes
                0x0000000000000000       0x30
 *(.ARM.attributes)
 .ARM.attributes
                0x0000000000000000       0x22 /Applications/KDS_v3.app/Contents/toolchain/bin/../lib/gcc/arm-none-eabi/4.8.4/armv7e-m/fpu/crti.o
 .ARM.attributes
                0x0000000000000022       0x34 /Applications/KDS_v3.app/Contents/toolchain/bin/../lib/gcc/arm-none-eabi/4.8.4/armv7e-m/fpu/crtbegin.o
 .ARM.attributes
                0x0000000000000056       0x20 /Applications/KDS_v3.app/Contents/toolchain/bin/../lib/gcc/arm-none-eabi/4.8.4/../../../../arm-none-eabi/lib/armv7e-m/fpu/crt0.o
 .ARM.attributes
                0x0000000000000076       0x39 ./utilities/fsl_debug_console.o
 .ARM.attributes
                0x00000000000000af       0x1f ./startup/startup_MK22F51212.o
 .ARM.attributes
                0x00000000000000ce       0x39 ./startup/system_MK22F51212.o
 .ARM.attributes
                0x0000000000000107       0x39 ./source/main.o
 .ARM.attributes
                0x0000000000000140       0x39 ./freertos/Source/portable/MemMang/heap_4.o
 .ARM.attributes
                0x0000000000000179       0x39 ./freertos/Source/portable/GCC/ARM_CM4F/port.o
 .ARM.attributes
                0x00000000000001b2       0x39 ./freertos/Source/list.o
 .ARM.attributes
                0x00000000000001eb       0x39 ./freertos/Source/queue.o
 .ARM.attributes
                0x0000000000000224       0x39 ./freertos/Source/tasks.o
 .ARM.attributes
                0x000000000000025d       0x39 ./freertos/Source/timers.o
 .ARM.attributes
                0x0000000000000296       0x39 ./drivers/fsl_clock.o
 .ARM.attributes
                0x00000000000002cf       0x39 ./drivers/fsl_common.o
 .ARM.attributes
                0x0000000000000308       0x39 ./drivers/fsl_dspi.o
 .ARM.attributes
                0x0000000000000341       0x39 ./drivers/fsl_edma.o
 .ARM.attributes
                0x000000000000037a       0x39 ./drivers/fsl_gpio.o
 .ARM.attributes
                0x00000000000003b3       0x39 ./drivers/fsl_i2c.o
 .ARM.attributes
                0x00000000000003ec       0x39 ./drivers/fsl_lpuart.o
 .ARM.attributes
                0x0000000000000425       0x39 ./drivers/fsl_sai.o
 .ARM.attributes
                0x000000000000045e       0x39 ./drivers/fsl_uart.o
 .ARM.attributes
                0x0000000000000497       0x39 ./board/clock_config.o
 .ARM.attributes
                0x00000000000004d0       0x39 ./board/pin_mux.o
 .ARM.attributes
                0x0000000000000509       0x39 ./board/pulsar_board.o
 .ARM.attributes
                0x0000000000000542       0x34 /Applications/KDS_v3.app/Contents/toolchain/bin/../lib/gcc/arm-none-eabi/4.8.4/../../../../arm-none-eabi/lib/armv7e-m/fpu/libm.a(lib_a-s_modf.o)
 .ARM.attributes
                0x0000000000000576       0x34 /Applications/KDS_v3.app/Contents/toolchain/bin/../lib/gcc/arm-none-eabi/4.8.4/../../../../arm-none-eabi/lib/armv7e-m/fpu/libm.a(lib_a-w_pow.o)
 .ARM.attributes
                0x00000000000005aa       0x34 /Applications/KDS_v3.app/Contents/toolchain/bin/../lib/gcc/arm-none-eabi/4.8.4/../../../../arm-none-eabi/lib/armv7e-m/fpu/libm.a(lib_a-e_pow.o)
 .ARM.attributes
                0x00000000000005de       0x34 /Applications/KDS_v3.app/Contents/toolchain/bin/../lib/gcc/arm-none-eabi/4.8.4/../../../../arm-none-eabi/lib/armv7e-m/fpu/libm.a(lib_a-e_sqrt.o)
 .ARM.attributes
                0x0000000000000612       0x34 /Applications/KDS_v3.app/Contents/toolchain/bin/../lib/gcc/arm-none-eabi/4.8.4/../../../../arm-none-eabi/lib/armv7e-m/fpu/libm.a(lib_a-s_fabs.o)
 .ARM.attributes
                0x0000000000000646       0x34 /Applications/KDS_v3.app/Contents/toolchain/bin/../lib/gcc/arm-none-eabi/4.8.4/../../../../arm-none-eabi/lib/armv7e-m/fpu/libm.a(lib_a-s_finite.o)
 .ARM.attributes
                0x000000000000067a       0x34 /Applications/KDS_v3.app/Contents/toolchain/bin/../lib/gcc/arm-none-eabi/4.8.4/../../../../arm-none-eabi/lib/armv7e-m/fpu/libm.a(lib_a-s_fpclassify.o)
 .ARM.attributes
                0x00000000000006ae       0x34 /Applications/KDS_v3.app/Contents/toolchain/bin/../lib/gcc/arm-none-eabi/4.8.4/../../../../arm-none-eabi/lib/armv7e-m/fpu/libm.a(lib_a-s_lib_ver.o)
 .ARM.attributes
                0x00000000000006e2       0x34 /Applications/KDS_v3.app/Contents/toolchain/bin/../lib/gcc/arm-none-eabi/4.8.4/../../../../arm-none-eabi/lib/armv7e-m/fpu/libm.a(lib_a-s_matherr.o)
 .ARM.attributes
                0x0000000000000716       0x34 /Applications/KDS_v3.app/Contents/toolchain/bin/../lib/gcc/arm-none-eabi/4.8.4/../../../../arm-none-eabi/lib/armv7e-m/fpu/libm.a(lib_a-s_nan.o)
 .ARM.attributes
                0x000000000000074a       0x34 /Applications/KDS_v3.app/Contents/toolchain/bin/../lib/gcc/arm-none-eabi/4.8.4/../../../../arm-none-eabi/lib/armv7e-m/fpu/libm.a(lib_a-s_rint.o)
 .ARM.attributes
                0x000000000000077e       0x34 /Applications/KDS_v3.app/Contents/toolchain/bin/../lib/gcc/arm-none-eabi/4.8.4/../../../../arm-none-eabi/lib/armv7e-m/fpu/libm.a(lib_a-s_scalbn.o)
 .ARM.attributes
                0x00000000000007b2       0x34 /Applications/KDS_v3.app/Contents/toolchain/bin/../lib/gcc/arm-none-eabi/4.8.4/../../../../arm-none-eabi/lib/armv7e-m/fpu/libm.a(lib_a-s_copysign.o)
 .ARM.attributes
                0x00000000000007e6       0x22 /Applications/KDS_v3.app/Contents/toolchain/bin/../lib/gcc/arm-none-eabi/4.8.4/armv7e-m/fpu/libgcc.a(_arm_addsubdf3.o)
 .ARM.attributes
                0x0000000000000808       0x22 /Applications/KDS_v3.app/Contents/toolchain/bin/../lib/gcc/arm-none-eabi/4.8.4/armv7e-m/fpu/libgcc.a(_arm_muldivdf3.o)
 .ARM.attributes
                0x000000000000082a       0x22 /Applications/KDS_v3.app/Contents/toolchain/bin/../lib/gcc/arm-none-eabi/4.8.4/armv7e-m/fpu/libgcc.a(_arm_cmpdf2.o)
 .ARM.attributes
                0x000000000000084c       0x22 /Applications/KDS_v3.app/Contents/toolchain/bin/../lib/gcc/arm-none-eabi/4.8.4/armv7e-m/fpu/libgcc.a(_arm_fixdfsi.o)
 .ARM.attributes
                0x000000000000086e       0x22 /Applications/KDS_v3.app/Contents/toolchain/bin/../lib/gcc/arm-none-eabi/4.8.4/armv7e-m/fpu/libgcc.a(_aeabi_ldivmod.o)
 .ARM.attributes
                0x0000000000000890       0x22 /Applications/KDS_v3.app/Contents/toolchain/bin/../lib/gcc/arm-none-eabi/4.8.4/armv7e-m/fpu/libgcc.a(_aeabi_uldivmod.o)
 .ARM.attributes
                0x00000000000008b2       0x34 /Applications/KDS_v3.app/Contents/toolchain/bin/../lib/gcc/arm-none-eabi/4.8.4/armv7e-m/fpu/libgcc.a(_fixdfdi.o)
 .ARM.attributes
                0x00000000000008e6       0x34 /Applications/KDS_v3.app/Contents/toolchain/bin/../lib/gcc/arm-none-eabi/4.8.4/armv7e-m/fpu/libgcc.a(_fixunsdfdi.o)
 .ARM.attributes
                0x000000000000091a       0x34 /Applications/KDS_v3.app/Contents/toolchain/bin/../lib/gcc/arm-none-eabi/4.8.4/armv7e-m/fpu/libgcc.a(bpabi.o)
 .ARM.attributes
                0x000000000000094e       0x22 /Applications/KDS_v3.app/Contents/toolchain/bin/../lib/gcc/arm-none-eabi/4.8.4/armv7e-m/fpu/libgcc.a(_dvmd_tls.o)
 .ARM.attributes
                0x0000000000000970       0x22 /Applications/KDS_v3.app/Contents/toolchain/bin/../lib/gcc/arm-none-eabi/4.8.4/armv7e-m/fpu/libgcc.a(_arm_fixunsdfsi.o)
 .ARM.attributes
                0x0000000000000992       0x34 /Applications/KDS_v3.app/Contents/toolchain/bin/../lib/gcc/arm-none-eabi/4.8.4/armv7e-m/fpu/libgcc.a(_divdi3.o)
 .ARM.attributes
                0x00000000000009c6       0x34 /Applications/KDS_v3.app/Contents/toolchain/bin/../lib/gcc/arm-none-eabi/4.8.4/armv7e-m/fpu/libgcc.a(_udivdi3.o)
 .ARM.attributes
                0x00000000000009fa       0x34 /Applications/KDS_v3.app/Contents/toolchain/bin/../lib/gcc/arm-none-eabi/4.8.4/../../../../arm-none-eabi/lib/armv7e-m/fpu/libg_s.a(lib_a-atoi.o)
 .ARM.attributes
                0x0000000000000a2e       0x34 /Applications/KDS_v3.app/Contents/toolchain/bin/../lib/gcc/arm-none-eabi/4.8.4/../../../../arm-none-eabi/lib/armv7e-m/fpu/libg_s.a(lib_a-errno.o)
 .ARM.attributes
                0x0000000000000a62       0x34 /Applications/KDS_v3.app/Contents/toolchain/bin/../lib/gcc/arm-none-eabi/4.8.4/../../../../arm-none-eabi/lib/armv7e-m/fpu/libg_s.a(lib_a-exit.o)
 .ARM.attributes
                0x0000000000000a96       0x34 /Applications/KDS_v3.app/Contents/toolchain/bin/../lib/gcc/arm-none-eabi/4.8.4/../../../../arm-none-eabi/lib/armv7e-m/fpu/libg_s.a(lib_a-impure.o)
 .ARM.attributes
                0x0000000000000aca       0x34 /Applications/KDS_v3.app/Contents/toolchain/bin/../lib/gcc/arm-none-eabi/4.8.4/../../../../arm-none-eabi/lib/armv7e-m/fpu/libg_s.a(lib_a-init.o)
 .ARM.attributes
                0x0000000000000afe       0x34 /Applications/KDS_v3.app/Contents/toolchain/bin/../lib/gcc/arm-none-eabi/4.8.4/../../../../arm-none-eabi/lib/armv7e-m/fpu/libg_s.a(lib_a-memcpy-stub.o)
 .ARM.attributes
                0x0000000000000b32       0x34 /Applications/KDS_v3.app/Contents/toolchain/bin/../lib/gcc/arm-none-eabi/4.8.4/../../../../arm-none-eabi/lib/armv7e-m/fpu/libg_s.a(lib_a-memset.o)
 .ARM.attributes
                0x0000000000000b66       0x34 /Applications/KDS_v3.app/Contents/toolchain/bin/../lib/gcc/arm-none-eabi/4.8.4/../../../../arm-none-eabi/lib/armv7e-m/fpu/libg_s.a(lib_a-strlen.o)
 .ARM.attributes
                0x0000000000000b9a       0x34 /Applications/KDS_v3.app/Contents/toolchain/bin/../lib/gcc/arm-none-eabi/4.8.4/../../../../arm-none-eabi/lib/armv7e-m/fpu/libg_s.a(lib_a-strtol.o)
 .ARM.attributes
                0x0000000000000bce       0x34 /Applications/KDS_v3.app/Contents/toolchain/bin/../lib/gcc/arm-none-eabi/4.8.4/../../../../arm-none-eabi/lib/armv7e-m/fpu/libg_s.a(lib_a-ctype_.o)
 .ARM.attributes
                0x0000000000000c02       0x34 /Applications/KDS_v3.app/Contents/toolchain/bin/../lib/gcc/arm-none-eabi/4.8.4/../../../../arm-none-eabi/lib/armv7e-m/fpu/libnosys.a(_exit.o)
 .ARM.attributes
                0x0000000000000c36       0x34 /Applications/KDS_v3.app/Contents/toolchain/bin/../lib/gcc/arm-none-eabi/4.8.4/armv7e-m/fpu/crtend.o
 .ARM.attributes
                0x0000000000000c6a       0x22 /Applications/KDS_v3.app/Contents/toolchain/bin/../lib/gcc/arm-none-eabi/4.8.4/armv7e-m/fpu/crtn.o
                0x0000000000000001                ASSERT ((__StackLimit >= __HeapLimit), region m_data_2 overflowed with stack and heap)
OUTPUT(pulsar_csac_test.elf elf32-littlearm)

.debug_info     0x0000000000000000    0x14abc
 .debug_info    0x0000000000000000     0x116d ./utilities/fsl_debug_console.o
 .debug_info    0x000000000000116d       0x7b ./startup/startup_MK22F51212.o
 .debug_info    0x00000000000011e8      0x5e8 ./startup/system_MK22F51212.o
 .debug_info    0x00000000000017d0      0x6f2 ./source/main.o
 .debug_info    0x0000000000001ec2      0x3cf ./freertos/Source/portable/MemMang/heap_4.o
 .debug_info    0x0000000000002291      0x534 ./freertos/Source/portable/GCC/ARM_CM4F/port.o
 .debug_info    0x00000000000027c5      0x2a1 ./freertos/Source/list.o
 .debug_info    0x0000000000002a66     0x126c ./freertos/Source/queue.o
 .debug_info    0x0000000000003cd2     0x1cbf ./freertos/Source/tasks.o
 .debug_info    0x0000000000005991      0xa0d ./freertos/Source/timers.o
 .debug_info    0x000000000000639e     0x1e59 ./drivers/fsl_clock.o
 .debug_info    0x00000000000081f7      0x60b ./drivers/fsl_common.o
 .debug_info    0x0000000000008802     0x20cd ./drivers/fsl_dspi.o
 .debug_info    0x000000000000a8cf     0x1fa1 ./drivers/fsl_edma.o
 .debug_info    0x000000000000c870      0x556 ./drivers/fsl_gpio.o
 .debug_info    0x000000000000cdc6     0x1bd4 ./drivers/fsl_i2c.o
 .debug_info    0x000000000000e99a     0x176e ./drivers/fsl_lpuart.o
 .debug_info    0x0000000000010108     0x1b40 ./drivers/fsl_sai.o
 .debug_info    0x0000000000011c48     0x1917 ./drivers/fsl_uart.o
 .debug_info    0x000000000001355f      0x8c3 ./board/clock_config.o
 .debug_info    0x0000000000013e22      0x915 ./board/pin_mux.o
 .debug_info    0x0000000000014737      0x385 ./board/pulsar_board.o

.debug_abbrev   0x0000000000000000     0x2d91
 .debug_abbrev  0x0000000000000000      0x297 ./utilities/fsl_debug_console.o
 .debug_abbrev  0x0000000000000297       0x14 ./startup/startup_MK22F51212.o
 .debug_abbrev  0x00000000000002ab      0x11a ./startup/system_MK22F51212.o
 .debug_abbrev  0x00000000000003c5      0x1ca ./source/main.o
 .debug_abbrev  0x000000000000058f      0x1bc ./freertos/Source/portable/MemMang/heap_4.o
 .debug_abbrev  0x000000000000074b      0x1d1 ./freertos/Source/portable/GCC/ARM_CM4F/port.o
 .debug_abbrev  0x000000000000091c       0xc1 ./freertos/Source/list.o
 .debug_abbrev  0x00000000000009dd      0x20b ./freertos/Source/queue.o
 .debug_abbrev  0x0000000000000be8      0x281 ./freertos/Source/tasks.o
 .debug_abbrev  0x0000000000000e69      0x1df ./freertos/Source/timers.o
 .debug_abbrev  0x0000000000001048      0x2c9 ./drivers/fsl_clock.o
 .debug_abbrev  0x0000000000001311      0x168 ./drivers/fsl_common.o
 .debug_abbrev  0x0000000000001479      0x2f1 ./drivers/fsl_dspi.o
 .debug_abbrev  0x000000000000176a      0x3a4 ./drivers/fsl_edma.o
 .debug_abbrev  0x0000000000001b0e      0x195 ./drivers/fsl_gpio.o
 .debug_abbrev  0x0000000000001ca3      0x313 ./drivers/fsl_i2c.o
 .debug_abbrev  0x0000000000001fb6      0x372 ./drivers/fsl_lpuart.o
 .debug_abbrev  0x0000000000002328      0x28f ./drivers/fsl_sai.o
 .debug_abbrev  0x00000000000025b7      0x3a4 ./drivers/fsl_uart.o
 .debug_abbrev  0x000000000000295b      0x1b6 ./board/clock_config.o
 .debug_abbrev  0x0000000000002b11      0x191 ./board/pin_mux.o
 .debug_abbrev  0x0000000000002ca2       0xef ./board/pulsar_board.o

.debug_aranges  0x0000000000000000     0x1168
 .debug_aranges
                0x0000000000000000       0xa8 ./utilities/fsl_debug_console.o
 .debug_aranges
                0x00000000000000a8       0x20 ./startup/startup_MK22F51212.o
 .debug_aranges
                0x00000000000000c8       0x28 ./startup/system_MK22F51212.o
 .debug_aranges
                0x00000000000000f0       0x50 ./source/main.o
 .debug_aranges
                0x0000000000000140       0x50 ./freertos/Source/portable/MemMang/heap_4.o
 .debug_aranges
                0x0000000000000190       0x80 ./freertos/Source/portable/GCC/ARM_CM4F/port.o
 .debug_aranges
                0x0000000000000210       0x40 ./freertos/Source/list.o
 .debug_aranges
                0x0000000000000250      0x100 ./freertos/Source/queue.o
 .debug_aranges
                0x0000000000000350      0x1c0 ./freertos/Source/tasks.o
 .debug_aranges
                0x0000000000000510       0x98 ./freertos/Source/timers.o
 .debug_aranges
                0x00000000000005a8      0x1f8 ./drivers/fsl_clock.o
 .debug_aranges
                0x00000000000007a0       0x28 ./drivers/fsl_common.o
 .debug_aranges
                0x00000000000007c8      0x1a0 ./drivers/fsl_dspi.o
 .debug_aranges
                0x0000000000000968      0x1c8 ./drivers/fsl_edma.o
 .debug_aranges
                0x0000000000000b30       0x40 ./drivers/fsl_gpio.o
 .debug_aranges
                0x0000000000000b70      0x170 ./drivers/fsl_i2c.o
 .debug_aranges
                0x0000000000000ce0      0x130 ./drivers/fsl_lpuart.o
 .debug_aranges
                0x0000000000000e10      0x160 ./drivers/fsl_sai.o
 .debug_aranges
                0x0000000000000f70      0x150 ./drivers/fsl_uart.o
 .debug_aranges
                0x00000000000010c0       0x50 ./board/clock_config.o
 .debug_aranges
                0x0000000000001110       0x38 ./board/pin_mux.o
 .debug_aranges
                0x0000000000001148       0x20 ./board/pulsar_board.o

.debug_ranges   0x0000000000000000      0xff8
 .debug_ranges  0x0000000000000000       0x98 ./utilities/fsl_debug_console.o
 .debug_ranges  0x0000000000000098       0x18 ./startup/system_MK22F51212.o
 .debug_ranges  0x00000000000000b0       0x40 ./source/main.o
 .debug_ranges  0x00000000000000f0       0x40 ./freertos/Source/portable/MemMang/heap_4.o
 .debug_ranges  0x0000000000000130       0x70 ./freertos/Source/portable/GCC/ARM_CM4F/port.o
 .debug_ranges  0x00000000000001a0       0x30 ./freertos/Source/list.o
 .debug_ranges  0x00000000000001d0       0xf0 ./freertos/Source/queue.o
 .debug_ranges  0x00000000000002c0      0x1b0 ./freertos/Source/tasks.o
 .debug_ranges  0x0000000000000470       0x88 ./freertos/Source/timers.o
 .debug_ranges  0x00000000000004f8      0x1e8 ./drivers/fsl_clock.o
 .debug_ranges  0x00000000000006e0       0x18 ./drivers/fsl_common.o
 .debug_ranges  0x00000000000006f8      0x190 ./drivers/fsl_dspi.o
 .debug_ranges  0x0000000000000888      0x1b8 ./drivers/fsl_edma.o
 .debug_ranges  0x0000000000000a40       0x30 ./drivers/fsl_gpio.o
 .debug_ranges  0x0000000000000a70      0x160 ./drivers/fsl_i2c.o
 .debug_ranges  0x0000000000000bd0      0x120 ./drivers/fsl_lpuart.o
 .debug_ranges  0x0000000000000cf0      0x150 ./drivers/fsl_sai.o
 .debug_ranges  0x0000000000000e40      0x140 ./drivers/fsl_uart.o
 .debug_ranges  0x0000000000000f80       0x40 ./board/clock_config.o
 .debug_ranges  0x0000000000000fc0       0x28 ./board/pin_mux.o
 .debug_ranges  0x0000000000000fe8       0x10 ./board/pulsar_board.o

.debug_macro    0x0000000000000000     0xfc7c
 .debug_macro   0x0000000000000000      0x206 ./utilities/fsl_debug_console.o
 .debug_macro   0x0000000000000206      0x85c ./utilities/fsl_debug_console.o
 .debug_macro   0x0000000000000a62       0x58 ./utilities/fsl_debug_console.o
 .debug_macro   0x0000000000000aba       0x58 ./utilities/fsl_debug_console.o
 .debug_macro   0x0000000000000b12       0x16 ./utilities/fsl_debug_console.o
 .debug_macro   0x0000000000000b28       0x35 ./utilities/fsl_debug_console.o
 .debug_macro   0x0000000000000b5d       0xa3 ./utilities/fsl_debug_console.o
 .debug_macro   0x0000000000000c00       0x16 ./utilities/fsl_debug_console.o
 .debug_macro   0x0000000000000c16      0x10e ./utilities/fsl_debug_console.o
 .debug_macro   0x0000000000000d24       0x7f ./utilities/fsl_debug_console.o
 .debug_macro   0x0000000000000da3       0x4a ./utilities/fsl_debug_console.o
 .debug_macro   0x0000000000000ded       0x52 ./utilities/fsl_debug_console.o
 .debug_macro   0x0000000000000e3f       0x16 ./utilities/fsl_debug_console.o
 .debug_macro   0x0000000000000e55       0x43 ./utilities/fsl_debug_console.o
 .debug_macro   0x0000000000000e98      0x180 ./utilities/fsl_debug_console.o
 .debug_macro   0x0000000000001018       0x16 ./utilities/fsl_debug_console.o
 .debug_macro   0x000000000000102e       0x29 ./utilities/fsl_debug_console.o
 .debug_macro   0x0000000000001057      0x1e1 ./utilities/fsl_debug_console.o
 .debug_macro   0x0000000000001238       0x16 ./utilities/fsl_debug_console.o
 .debug_macro   0x000000000000124e       0x22 ./utilities/fsl_debug_console.o
 .debug_macro   0x0000000000001270      0x20f ./utilities/fsl_debug_console.o
 .debug_macro   0x000000000000147f      0x2a6 ./utilities/fsl_debug_console.o
 .debug_macro   0x0000000000001725       0x10 ./utilities/fsl_debug_console.o
 .debug_macro   0x0000000000001735       0x35 ./utilities/fsl_debug_console.o
 .debug_macro   0x000000000000176a       0x1f ./utilities/fsl_debug_console.o
 .debug_macro   0x0000000000001789       0x10 ./utilities/fsl_debug_console.o
 .debug_macro   0x0000000000001799       0x59 ./utilities/fsl_debug_console.o
 .debug_macro   0x00000000000017f2       0x3b ./utilities/fsl_debug_console.o
 .debug_macro   0x000000000000182d       0x50 ./utilities/fsl_debug_console.o
 .debug_macro   0x000000000000187d      0xd40 ./utilities/fsl_debug_console.o
 .debug_macro   0x00000000000025bd       0x42 ./utilities/fsl_debug_console.o
 .debug_macro   0x00000000000025ff     0x8f92 ./utilities/fsl_debug_console.o
 .debug_macro   0x000000000000b591     0x13cc ./utilities/fsl_debug_console.o
 .debug_macro   0x000000000000c95d       0x2e ./utilities/fsl_debug_console.o
 .debug_macro   0x000000000000c98b       0x10 ./utilities/fsl_debug_console.o
 .debug_macro   0x000000000000c99b      0x126 ./utilities/fsl_debug_console.o
 .debug_macro   0x000000000000cac1       0x35 ./utilities/fsl_debug_console.o
 .debug_macro   0x000000000000caf6       0x3a ./utilities/fsl_debug_console.o
 .debug_macro   0x000000000000cb30       0x10 ./utilities/fsl_debug_console.o
 .debug_macro   0x000000000000cb40       0xa5 ./startup/system_MK22F51212.o
 .debug_macro   0x000000000000cbe5       0x44 ./startup/system_MK22F51212.o
 .debug_macro   0x000000000000cc29      0x30e ./source/main.o
 .debug_macro   0x000000000000cf37       0x1c ./source/main.o
 .debug_macro   0x000000000000cf53       0x16 ./source/main.o
 .debug_macro   0x000000000000cf69       0x46 ./source/main.o
 .debug_macro   0x000000000000cfaf       0x10 ./source/main.o
 .debug_macro   0x000000000000cfbf       0x10 ./source/main.o
 .debug_macro   0x000000000000cfcf      0x265 ./source/main.o
 .debug_macro   0x000000000000d234      0x115 ./source/main.o
 .debug_macro   0x000000000000d349      0x15d ./source/main.o
 .debug_macro   0x000000000000d4a6       0xe4 ./source/main.o
 .debug_macro   0x000000000000d58a       0x10 ./source/main.o
 .debug_macro   0x000000000000d59a       0x1f ./source/main.o
 .debug_macro   0x000000000000d5b9      0x3bc ./source/main.o
 .debug_macro   0x000000000000d975       0xc0 ./source/main.o
 .debug_macro   0x000000000000da35       0x9a ./source/main.o
 .debug_macro   0x000000000000dacf       0xb0 ./source/main.o
 .debug_macro   0x000000000000db7f       0x91 ./source/main.o
 .debug_macro   0x000000000000dc10       0x7f ./source/main.o
 .debug_macro   0x000000000000dc8f      0x163 ./freertos/Source/portable/MemMang/heap_4.o
 .debug_macro   0x000000000000ddf2      0x115 ./freertos/Source/portable/MemMang/heap_4.o
 .debug_macro   0x000000000000df07      0x181 ./freertos/Source/portable/GCC/ARM_CM4F/port.o
 .debug_macro   0x000000000000e088      0x13c ./freertos/Source/list.o
 .debug_macro   0x000000000000e1c4      0x1cc ./freertos/Source/queue.o
 .debug_macro   0x000000000000e390      0x208 ./freertos/Source/tasks.o
 .debug_macro   0x000000000000e598       0x11 ./freertos/Source/tasks.o
 .debug_macro   0x000000000000e5a9      0x179 ./freertos/Source/timers.o
 .debug_macro   0x000000000000e722      0x250 ./drivers/fsl_clock.o
 .debug_macro   0x000000000000e972      0x19d ./drivers/fsl_common.o
 .debug_macro   0x000000000000eb0f      0x199 ./drivers/fsl_dspi.o
 .debug_macro   0x000000000000eca8       0x40 ./drivers/fsl_dspi.o
 .debug_macro   0x000000000000ece8      0x19f ./drivers/fsl_edma.o
 .debug_macro   0x000000000000ee87       0x16 ./drivers/fsl_edma.o
 .debug_macro   0x000000000000ee9d      0x19a ./drivers/fsl_gpio.o
 .debug_macro   0x000000000000f037      0x199 ./drivers/fsl_i2c.o
 .debug_macro   0x000000000000f1d0       0x10 ./drivers/fsl_i2c.o
 .debug_macro   0x000000000000f1e0      0x19a ./drivers/fsl_lpuart.o
 .debug_macro   0x000000000000f37a      0x199 ./drivers/fsl_sai.o
 .debug_macro   0x000000000000f513       0x11 ./drivers/fsl_sai.o
 .debug_macro   0x000000000000f524      0x1a0 ./drivers/fsl_uart.o
 .debug_macro   0x000000000000f6c4      0x1a7 ./board/clock_config.o
 .debug_macro   0x000000000000f86b      0x1f6 ./board/pin_mux.o
 .debug_macro   0x000000000000fa61       0x35 ./board/pin_mux.o
 .debug_macro   0x000000000000fa96      0x1e6 ./board/pulsar_board.o

.debug_line     0x0000000000000000     0x9ca9
 .debug_line    0x0000000000000000      0x9c4 ./utilities/fsl_debug_console.o
 .debug_line    0x00000000000009c4      0x125 ./startup/startup_MK22F51212.o
 .debug_line    0x0000000000000ae9      0x2c6 ./startup/system_MK22F51212.o
 .debug_line    0x0000000000000daf      0x64c ./source/main.o
 .debug_line    0x00000000000013fb      0x471 ./freertos/Source/portable/MemMang/heap_4.o
 .debug_line    0x000000000000186c      0x469 ./freertos/Source/portable/GCC/ARM_CM4F/port.o
 .debug_line    0x0000000000001cd5      0x37b ./freertos/Source/list.o
 .debug_line    0x0000000000002050      0xb6b ./freertos/Source/queue.o
 .debug_line    0x0000000000002bbb      0xf7c ./freertos/Source/tasks.o
 .debug_line    0x0000000000003b37      0x5f6 ./freertos/Source/timers.o
 .debug_line    0x000000000000412d      0xb7a ./drivers/fsl_clock.o
 .debug_line    0x0000000000004ca7      0x3e6 ./drivers/fsl_common.o
 .debug_line    0x000000000000508d      0xb71 ./drivers/fsl_dspi.o
 .debug_line    0x0000000000005bfe      0xad1 ./drivers/fsl_edma.o
 .debug_line    0x00000000000066cf      0x401 ./drivers/fsl_gpio.o
 .debug_line    0x0000000000006ad0      0xa8e ./drivers/fsl_i2c.o
 .debug_line    0x000000000000755e      0x859 ./drivers/fsl_lpuart.o
 .debug_line    0x0000000000007db7      0x941 ./drivers/fsl_sai.o
 .debug_line    0x00000000000086f8      0x8f5 ./drivers/fsl_uart.o
 .debug_line    0x0000000000008fed      0x445 ./board/clock_config.o